Archive member included to satisfy reference by file (symbol)

/Applications/STM32CubeIDE.app/Contents/Eclipse/plugins/com.st.stm32cube.ide.mcu.externaltools.gnu-tools-for-stm32.10.3-2021.10.macos64_1.0.200.202301161003/tools/bin/../lib/gcc/arm-none-eabi/10.3.1/../../../../arm-none-eabi/lib/thumb/v7-m/nofp/libc_nano.a(lib_a-errno.o)
                              ./Core/Src/syscalls.o (__errno)
/Applications/STM32CubeIDE.app/Contents/Eclipse/plugins/com.st.stm32cube.ide.mcu.externaltools.gnu-tools-for-stm32.10.3-2021.10.macos64_1.0.200.202301161003/tools/bin/../lib/gcc/arm-none-eabi/10.3.1/../../../../arm-none-eabi/lib/thumb/v7-m/nofp/libc_nano.a(lib_a-exit.o)
                              /Applications/STM32CubeIDE.app/Contents/Eclipse/plugins/com.st.stm32cube.ide.mcu.externaltools.gnu-tools-for-stm32.10.3-2021.10.macos64_1.0.200.202301161003/tools/bin/../lib/gcc/arm-none-eabi/10.3.1/../../../../arm-none-eabi/lib/thumb/v7-m/nofp/crt0.o (exit)
/Applications/STM32CubeIDE.app/Contents/Eclipse/plugins/com.st.stm32cube.ide.mcu.externaltools.gnu-tools-for-stm32.10.3-2021.10.macos64_1.0.200.202301161003/tools/bin/../lib/gcc/arm-none-eabi/10.3.1/../../../../arm-none-eabi/lib/thumb/v7-m/nofp/libc_nano.a(lib_a-findfp.o)
                              ./Middlewares/Third_Party/FreeRTOS/Source/tasks.o (__sf_fake_stderr)
/Applications/STM32CubeIDE.app/Contents/Eclipse/plugins/com.st.stm32cube.ide.mcu.externaltools.gnu-tools-for-stm32.10.3-2021.10.macos64_1.0.200.202301161003/tools/bin/../lib/gcc/arm-none-eabi/10.3.1/../../../../arm-none-eabi/lib/thumb/v7-m/nofp/libc_nano.a(lib_a-fwalk.o)
                              /Applications/STM32CubeIDE.app/Contents/Eclipse/plugins/com.st.stm32cube.ide.mcu.externaltools.gnu-tools-for-stm32.10.3-2021.10.macos64_1.0.200.202301161003/tools/bin/../lib/gcc/arm-none-eabi/10.3.1/../../../../arm-none-eabi/lib/thumb/v7-m/nofp/libc_nano.a(lib_a-findfp.o) (_fwalk)
/Applications/STM32CubeIDE.app/Contents/Eclipse/plugins/com.st.stm32cube.ide.mcu.externaltools.gnu-tools-for-stm32.10.3-2021.10.macos64_1.0.200.202301161003/tools/bin/../lib/gcc/arm-none-eabi/10.3.1/../../../../arm-none-eabi/lib/thumb/v7-m/nofp/libc_nano.a(lib_a-impure.o)
                              /Applications/STM32CubeIDE.app/Contents/Eclipse/plugins/com.st.stm32cube.ide.mcu.externaltools.gnu-tools-for-stm32.10.3-2021.10.macos64_1.0.200.202301161003/tools/bin/../lib/gcc/arm-none-eabi/10.3.1/../../../../arm-none-eabi/lib/thumb/v7-m/nofp/libc_nano.a(lib_a-exit.o) (_global_impure_ptr)
/Applications/STM32CubeIDE.app/Contents/Eclipse/plugins/com.st.stm32cube.ide.mcu.externaltools.gnu-tools-for-stm32.10.3-2021.10.macos64_1.0.200.202301161003/tools/bin/../lib/gcc/arm-none-eabi/10.3.1/../../../../arm-none-eabi/lib/thumb/v7-m/nofp/libc_nano.a(lib_a-init.o)
                              /Applications/STM32CubeIDE.app/Contents/Eclipse/plugins/com.st.stm32cube.ide.mcu.externaltools.gnu-tools-for-stm32.10.3-2021.10.macos64_1.0.200.202301161003/tools/bin/../lib/gcc/arm-none-eabi/10.3.1/../../../../arm-none-eabi/lib/thumb/v7-m/nofp/crt0.o (__libc_init_array)
/Applications/STM32CubeIDE.app/Contents/Eclipse/plugins/com.st.stm32cube.ide.mcu.externaltools.gnu-tools-for-stm32.10.3-2021.10.macos64_1.0.200.202301161003/tools/bin/../lib/gcc/arm-none-eabi/10.3.1/../../../../arm-none-eabi/lib/thumb/v7-m/nofp/libc_nano.a(lib_a-lock.o)
                              /Applications/STM32CubeIDE.app/Contents/Eclipse/plugins/com.st.stm32cube.ide.mcu.externaltools.gnu-tools-for-stm32.10.3-2021.10.macos64_1.0.200.202301161003/tools/bin/../lib/gcc/arm-none-eabi/10.3.1/../../../../arm-none-eabi/lib/thumb/v7-m/nofp/libc_nano.a(lib_a-findfp.o) (__retarget_lock_init_recursive)
/Applications/STM32CubeIDE.app/Contents/Eclipse/plugins/com.st.stm32cube.ide.mcu.externaltools.gnu-tools-for-stm32.10.3-2021.10.macos64_1.0.200.202301161003/tools/bin/../lib/gcc/arm-none-eabi/10.3.1/../../../../arm-none-eabi/lib/thumb/v7-m/nofp/libc_nano.a(lib_a-memcpy-stub.o)
                              ./Middlewares/Third_Party/FreeRTOS/Source/CMSIS_RTOS_V2/cmsis_os2.o (memcpy)
/Applications/STM32CubeIDE.app/Contents/Eclipse/plugins/com.st.stm32cube.ide.mcu.externaltools.gnu-tools-for-stm32.10.3-2021.10.macos64_1.0.200.202301161003/tools/bin/../lib/gcc/arm-none-eabi/10.3.1/../../../../arm-none-eabi/lib/thumb/v7-m/nofp/libc_nano.a(lib_a-memset.o)
                              /Applications/STM32CubeIDE.app/Contents/Eclipse/plugins/com.st.stm32cube.ide.mcu.externaltools.gnu-tools-for-stm32.10.3-2021.10.macos64_1.0.200.202301161003/tools/bin/../lib/gcc/arm-none-eabi/10.3.1/../../../../arm-none-eabi/lib/thumb/v7-m/nofp/crt0.o (memset)
/Applications/STM32CubeIDE.app/Contents/Eclipse/plugins/com.st.stm32cube.ide.mcu.externaltools.gnu-tools-for-stm32.10.3-2021.10.macos64_1.0.200.202301161003/tools/bin/../lib/gcc/arm-none-eabi/10.3.1/../../../../arm-none-eabi/lib/thumb/v7-m/nofp/libc_nano.a(lib_a-nano-mallocr.o)
[...]
Memory Configuration

Name             Origin             Length             Attributes
RAM              0x0000000020000000 0x0000000000005000 xrw
FLASH            0x0000000008000000 0x0000000000010000 xr
*default*        0x0000000000000000 0xffffffffffffffff

Linker script and memory map

LOAD /Applications/STM32CubeIDE.app/Contents/Eclipse/plugins/com.st.stm32cube.ide.mcu.externaltools.gnu-tools-for-stm32.10.3-2021.10.macos64_1.0.200.202301161003/tools/bin/../lib/gcc/arm-none-eabi/10.3.1/thumb/v7-m/nofp/crti.o
LOAD /Applications/STM32CubeIDE.app/Contents/Eclipse/plugins/com.st.stm32cube.ide.mcu.externaltools.gnu-tools-for-stm32.10.3-2021.10.macos64_1.0.200.202301161003/tools/bin/../lib/gcc/arm-none-eabi/10.3.1/thumb/v7-m/nofp/crtbegin.o
LOAD /Applications/STM32CubeIDE.app/Contents/Eclipse/plugins/com.st.stm32cube.ide.mcu.externaltools.gnu-tools-for-stm32.10.3-2021.10.macos64_1.0.200.202301161003/tools/bin/../lib/gcc/arm-none-eabi/10.3.1/../../../../arm-none-eabi/lib/thumb/v7-m/nofp/crt0.o
LOAD ./Core/Src/dma.o
LOAD ./Core/Src/freertos.o
LOAD ./Core/Src/gpio.o
LOAD ./Core/Src/main.o
LOAD ./Core/Src/spi.o
LOAD ./Core/Src/stm32f1xx_hal_msp.o
LOAD ./Core/Src/stm32f1xx_it.o
LOAD ./Core/Src/syscalls.o
LOAD ./Core/Src/sysmem.o
LOAD ./Core/Src/system_stm32f1xx.o
LOAD ./Core/Src/usart.o
LOAD ./Core/Startup/startup_stm32f103c8tx.o
LOAD ./Drivers/STM32F1xx_HAL_Driver/Src/stm32f1xx_hal.o
LOAD ./Drivers/STM32F1xx_HAL_Driver/Src/stm32f1xx_hal_cortex.o
LOAD ./Drivers/STM32F1xx_HAL_Driver/Src/stm32f1xx_hal_dma.o
LOAD ./Drivers/STM32F1xx_HAL_Driver/Src/stm32f1xx_hal_exti.o
LOAD ./Drivers/STM32F1xx_HAL_Driver/Src/stm32f1xx_hal_flash.o
LOAD ./Drivers/STM32F1xx_HAL_Driver/Src/stm32f1xx_hal_flash_ex.o
LOAD ./Drivers/STM32F1xx_HAL_Driver/Src/stm32f1xx_hal_gpio.o
LOAD ./Drivers/STM32F1xx_HAL_Driver/Src/stm32f1xx_hal_gpio_ex.o
LOAD ./Drivers/STM32F1xx_HAL_Driver/Src/stm32f1xx_hal_pwr.o
LOAD ./Drivers/STM32F1xx_HAL_Driver/Src/stm32f1xx_hal_rcc.o
LOAD ./Drivers/STM32F1xx_HAL_Driver/Src/stm32f1xx_hal_rcc_ex.o
LOAD ./Drivers/STM32F1xx_HAL_Driver/Src/stm32f1xx_hal_spi.o
LOAD ./Drivers/STM32F1xx_HAL_Driver/Src/stm32f1xx_hal_tim.o
LOAD ./Drivers/STM32F1xx_HAL_Driver/Src/stm32f1xx_hal_tim_ex.o
LOAD ./Drivers/STM32F1xx_HAL_Driver/Src/stm32f1xx_hal_uart.o
LOAD ./Middlewares/Third_Party/FreeRTOS/Source/CMSIS_RTOS_V2/cmsis_os2.o
LOAD ./Middlewares/Third_Party/FreeRTOS/Source/croutine.o
LOAD ./Middlewares/Third_Party/FreeRTOS/Source/event_groups.o
LOAD ./Middlewares/Third_Party/FreeRTOS/Source/list.o
LOAD ./Middlewares/Third_Party/FreeRTOS/Source/queue.o
LOAD ./Middlewares/Third_Party/FreeRTOS/Source/stream_buffer.o
LOAD ./Middlewares/Third_Party/FreeRTOS/Source/tasks.o
LOAD ./Middlewares/Third_Party/FreeRTOS/Source/timers.o
LOAD ./Middlewares/Third_Party/FreeRTOS/Source/portable/GCC/ARM_CM3/port.o
LOAD ./Middlewares/Third_Party/FreeRTOS/Source/portable/MemMang/heap_4.o
START GROUP
LOAD /Applications/STM32CubeIDE.app/Contents/Eclipse/plugins/com.st.stm32cube.ide.mcu.externaltools.gnu-tools-for-stm32.10.3-2021.10.macos64_1.0.200.202301161003/tools/bin/../lib/gcc/arm-none-eabi/10.3.1/../../../../arm-none-eabi/lib/thumb/v7-m/nofp/libstdc++_nano.a
LOAD /Applications/STM32CubeIDE.app/Contents/Eclipse/plugins/com.st.stm32cube.ide.mcu.externaltools.gnu-tools-for-stm32.10.3-2021.10.macos64_1.0.200.202301161003/tools/bin/../lib/gcc/arm-none-eabi/10.3.1/../../../../arm-none-eabi/lib/thumb/v7-m/nofp/libsupc++_nano.a
END GROUP
LOAD /Applications/STM32CubeIDE.app/Contents/Eclipse/plugins/com.st.stm32cube.ide.mcu.externaltools.gnu-tools-for-stm32.10.3-2021.10.macos64_1.0.200.202301161003/tools/bin/../lib/gcc/arm-none-eabi/10.3.1/../../../../arm-none-eabi/lib/thumb/v7-m/nofp/libstdc++_nano.a
LOAD /Applications/STM32CubeIDE.app/Contents/Eclipse/plugins/com.st.stm32cube.ide.mcu.externaltools.gnu-tools-for-stm32.10.3-2021.10.macos64_1.0.200.202301161003/tools/bin/../lib/gcc/arm-none-eabi/10.3.1/../../../../arm-none-eabi/lib/thumb/v7-m/nofp/libm.a
LOAD /Applications/STM32CubeIDE.app/Contents/Eclipse/plugins/com.st.stm32cube.ide.mcu.externaltools.gnu-tools-for-stm32.10.3-2021.10.macos64_1.0.200.202301161003/tools/bin/../lib/gcc/arm-none-eabi/10.3.1/../../../../arm-none-eabi/lib/thumb/v7-m/nofp/libc_nano.a
START GROUP
LOAD /Applications/STM32CubeIDE.app/Contents/Eclipse/plugins/com.st.stm32cube.ide.mcu.externaltools.gnu-tools-for-stm32.10.3-2021.10.macos64_1.0.200.202301161003/tools/bin/../lib/gcc/arm-none-eabi/10.3.1/thumb/v7-m/nofp/libgcc.a
LOAD /Applications/STM32CubeIDE.app/Contents/Eclipse/plugins/com.st.stm32cube.ide.mcu.externaltools.gnu-tools-for-stm32.10.3-2021.10.macos64_1.0.200.202301161003/tools/bin/../lib/gcc/arm-none-eabi/10.3.1/../../../../arm-none-eabi/lib/thumb/v7-m/nofp/libc_nano.a
END GROUP
START GROUP
LOAD /Applications/STM32CubeIDE.app/Contents/Eclipse/plugins/com.st.stm32cube.ide.mcu.externaltools.gnu-tools-for-stm32.10.3-2021.10.macos64_1.0.200.202301161003/tools/bin/../lib/gcc/arm-none-eabi/10.3.1/thumb/v7-m/nofp/libgcc.a
LOAD /Applications/STM32CubeIDE.app/Contents/Eclipse/plugins/com.st.stm32cube.ide.mcu.externaltools.gnu-tools-for-stm32.10.3-2021.10.macos64_1.0.200.202301161003/tools/bin/../lib/gcc/arm-none-eabi/10.3.1/../../../../arm-none-eabi/lib/thumb/v7-m/nofp/libc_nano.a
LOAD /Applications/STM32CubeIDE.app/Contents/Eclipse/plugins/com.st.stm32cube.ide.mcu.externaltools.gnu-tools-for-stm32.10.3-2021.10.macos64_1.0.200.202301161003/tools/bin/../lib/gcc/arm-none-eabi/10.3.1/../../../../arm-none-eabi/lib/thumb/v7-m/nofp/libnosys.a
END GROUP
START GROUP
LOAD /Applications/STM32CubeIDE.app/Contents/Eclipse/plugins/com.st.stm32cube.ide.mcu.externaltools.gnu-tools-for-stm32.10.3-2021.10.macos64_1.0.200.202301161003/tools/bin/../lib/gcc/arm-none-eabi/10.3.1/thumb/v7-m/nofp/libgcc.a
LOAD /Applications/STM32CubeIDE.app/Contents/Eclipse/plugins/com.st.stm32cube.ide.mcu.externaltools.gnu-tools-for-stm32.10.3-2021.10.macos64_1.0.200.202301161003/tools/bin/../lib/gcc/arm-none-eabi/10.3.1/../../../../arm-none-eabi/lib/thumb/v7-m/nofp/libc_nano.a
LOAD /Applications/STM32CubeIDE.app/Contents/Eclipse/plugins/com.st.stm32cube.ide.mcu.externaltools.gnu-tools-for-stm32.10.3-2021.10.macos64_1.0.200.202301161003/tools/bin/../lib/gcc/arm-none-eabi/10.3.1/../../../../arm-none-eabi/lib/thumb/v7-m/nofp/libnosys.a
END GROUP
LOAD /Applications/STM32CubeIDE.app/Contents/Eclipse/plugins/com.st.stm32cube.ide.mcu.externaltools.gnu-tools-for-stm32.10.3-2021.10.macos64_1.0.200.202301161003/tools/bin/../lib/gcc/arm-none-eabi/10.3.1/thumb/v7-m/nofp/crtend.o
LOAD /Applications/STM32CubeIDE.app/Contents/Eclipse/plugins/com.st.stm32cube.ide.mcu.externaltools.gnu-tools-for-stm32.10.3-2021.10.macos64_1.0.200.202301161003/tools/bin/../lib/gcc/arm-none-eabi/10.3.1/thumb/v7-m/nofp/crtn.o
                0x0000000020005000                _estack = (ORIGIN (RAM) + LENGTH (RAM))
                0x0000000000000200                _Min_Heap_Size = 0x200
                0x0000000000000400                _Min_Stack_Size = 0x400

.isr_vector     0x0000000008000000      0x10c
                0x0000000008000000                . = ALIGN (0x4)
 *(.isr_vector)
 .isr_vector    0x0000000008000000      0x10c ./Core/Startup/startup_stm32f103c8tx.o
                0x0000000008000000                g_pfnVectors
                0x000000000800010c                . = ALIGN (0x4)

.text           0x0000000008000110     0x6998
                0x0000000008000110                . = ALIGN (0x4)
 *(.text)
 .text          0x0000000008000110       0x40 /Applications/STM32CubeIDE.app/Contents/Eclipse/plugins/com.st.stm32cube.ide.mcu.externaltools.gnu-tools-for-stm32.10.3-2021.10.macos64_1.0.200.202301161003/tools/bin/../lib/gcc/arm-none-eabi/10.3.1/thumb/v7-m/nofp/crtbegin.o
 *(.text*)
 .text.MX_DMA_Init
                0x0000000008000150       0x6c ./Core/Src/dma.o
                0x0000000008000150                MX_DMA_Init
 .text.HAL_UART_RxCpltCallback
                0x00000000080001bc       0x20 ./Core/Src/freertos.o
                0x00000000080001bc                HAL_UART_RxCpltCallback
 .text.HAL_UART_TxCpltCallback
                0x00000000080001dc       0x20 ./Core/Src/freertos.o
                0x00000000080001dc                HAL_UART_TxCpltCallback
 .text.HAL_SPI_RxCpltCallback
                0x00000000080001fc       0x20 ./Core/Src/freertos.o
                0x00000000080001fc                HAL_SPI_RxCpltCallback
 .text.HAL_SPI_TxCpltCallback
                0x000000000800021c       0x20 ./Core/Src/freertos.o
                0x000000000800021c                HAL_SPI_TxCpltCallback
 .text.MX_FREERTOS_Init
                0x000000000800023c       0xac ./Core/Src/freertos.o
                0x000000000800023c                MX_FREERTOS_Init
 .text.StartDefaultTask
                0x00000000080002e8       0x10 ./Core/Src/freertos.o
                0x00000000080002e8                StartDefaultTask
 .text.UART_communication
                0x00000000080002f8       0xac ./Core/Src/freertos.o
                0x00000000080002f8                UART_communication
 .text.SPI_communication
                0x00000000080003a4       0x94 ./Core/Src/freertos.o
                0x00000000080003a4                SPI_communication
 .text.MX_GPIO_Init
                0x0000000008000438       0x9c ./Core/Src/gpio.o
                0x0000000008000438                MX_GPIO_Init
 .text.main     0x00000000080004d4       0x2a ./Core/Src/main.o
                0x00000000080004d4                main
 .text.SystemClock_Config
                0x00000000080004fe       0x8a ./Core/Src/main.o
                0x00000000080004fe                SystemClock_Config
 .text.Error_Handler
                0x0000000008000588        0xa ./Core/Src/main.o
                0x0000000008000588                Error_Handler
 *fill*         0x0000000008000592        0x2 
 .text.MX_SPI1_Init
                0x0000000008000594       0x70 ./Core/Src/spi.o
                0x0000000008000594                MX_SPI1_Init
 .text.HAL_SPI_MspInit
                0x0000000008000604      0x144 ./Core/Src/spi.o
                0x0000000008000604                HAL_SPI_MspInit
 .text.HAL_MspInit
                0x0000000008000748       0x70 ./Core/Src/stm32f1xx_hal_msp.o
                0x0000000008000748                HAL_MspInit
 .text.NMI_Handler
                0x00000000080007b8        0x6 ./Core/Src/stm32f1xx_it.o
                0x00000000080007b8                NMI_Handler
 .text.HardFault_Handler
                0x00000000080007be        0x6 ./Core/Src/stm32f1xx_it.o
                0x00000000080007be                HardFault_Handler
 .text.MemManage_Handler
                0x00000000080007c4        0x6 ./Core/Src/stm32f1xx_it.o
                0x00000000080007c4                MemManage_Handler
 .text.BusFault_Handler
                0x00000000080007ca        0x6 ./Core/Src/stm32f1xx_it.o
                0x00000000080007ca                BusFault_Handler
 .text.UsageFault_Handler
                0x00000000080007d0        0x6 ./Core/Src/stm32f1xx_it.o
                0x00000000080007d0                UsageFault_Handler
 .text.DebugMon_Handler
                0x00000000080007d6        0xc ./Core/Src/stm32f1xx_it.o
                0x00000000080007d6                DebugMon_Handler
 .text.SysTick_Handler
                0x00000000080007e2       0x1a ./Core/Src/stm32f1xx_it.o
                0x00000000080007e2                SysTick_Handler
 .text.DMA1_Channel2_IRQHandler
                0x00000000080007fc       0x14 ./Core/Src/stm32f1xx_it.o
                0x00000000080007fc                DMA1_Channel2_IRQHandler
 .text.DMA1_Channel3_IRQHandler
                0x0000000008000810       0x14 ./Core/Src/stm32f1xx_it.o
                0x0000000008000810                DMA1_Channel3_IRQHandler
 .text.DMA1_Channel6_IRQHandler
                0x0000000008000824       0x14 ./Core/Src/stm32f1xx_it.o
                0x0000000008000824                DMA1_Channel6_IRQHandler
 .text.DMA1_Channel7_IRQHandler
                0x0000000008000838       0x14 ./Core/Src/stm32f1xx_it.o
                0x0000000008000838                DMA1_Channel7_IRQHandler
 .text.EXTI9_5_IRQHandler
                0x000000000800084c       0x10 ./Core/Src/stm32f1xx_it.o
                0x000000000800084c                EXTI9_5_IRQHandler
 .text.SystemInit
                0x000000000800085c        0xc ./Core/Src/system_stm32f1xx.o
                0x000000000800085c                SystemInit
 .text.MX_USART2_UART_Init
                0x0000000008000868       0x54 ./Core/Src/usart.o
                0x0000000008000868                MX_USART2_UART_Init
 .text.HAL_UART_MspInit
                0x00000000080008bc      0x13c ./Core/Src/usart.o
                0x00000000080008bc                HAL_UART_MspInit
 .text.Reset_Handler
                0x00000000080009f8       0x48 ./Core/Startup/startup_stm32f103c8tx.o
                0x00000000080009f8                Reset_Handler
 .text.Default_Handler
                0x0000000008000a40        0x2 ./Core/Startup/startup_stm32f103c8tx.o
                0x0000000008000a40                USBWakeUp_IRQHandler
                0x0000000008000a40                EXTI2_IRQHandler
                0x0000000008000a40                TIM1_CC_IRQHandler
                0x0000000008000a40                PVD_IRQHandler
                0x0000000008000a40                EXTI3_IRQHandler
                0x0000000008000a40                EXTI0_IRQHandler
                0x0000000008000a40                I2C2_EV_IRQHandler
                0x0000000008000a40                ADC1_2_IRQHandler
                0x0000000008000a40                SPI1_IRQHandler
                0x0000000008000a40                TAMPER_IRQHandler
                0x0000000008000a40                DMA1_Channel4_IRQHandler
                0x0000000008000a40                USART3_IRQHandler
                0x0000000008000a40                RTC_IRQHandler
                0x0000000008000a40                CAN1_RX1_IRQHandler
                0x0000000008000a40                TIM4_IRQHandler
                0x0000000008000a40                I2C1_EV_IRQHandler
                0x0000000008000a40                TIM3_IRQHandler
                0x0000000008000a40                RCC_IRQHandler
                0x0000000008000a40                TIM1_TRG_COM_IRQHandler
                0x0000000008000a40                DMA1_Channel1_IRQHandler
                0x0000000008000a40                Default_Handler
                0x0000000008000a40                EXTI15_10_IRQHandler
                0x0000000008000a40                SPI2_IRQHandler
                0x0000000008000a40                DMA1_Channel5_IRQHandler
                0x0000000008000a40                EXTI4_IRQHandler
                0x0000000008000a40                USB_LP_CAN1_RX0_IRQHandler
                0x0000000008000a40                USB_HP_CAN1_TX_IRQHandler
                0x0000000008000a40                TIM1_UP_IRQHandler
                0x0000000008000a40                WWDG_IRQHandler
                0x0000000008000a40                TIM2_IRQHandler
                0x0000000008000a40                TIM1_BRK_IRQHandler
                0x0000000008000a40                EXTI1_IRQHandler
                0x0000000008000a40                USART2_IRQHandler
                0x0000000008000a40                I2C2_ER_IRQHandler
                0x0000000008000a40                CAN1_SCE_IRQHandler
                0x0000000008000a40                FLASH_IRQHandler
                0x0000000008000a40                USART1_IRQHandler
                0x0000000008000a40                I2C1_ER_IRQHandler
                0x0000000008000a40                RTC_Alarm_IRQHandler
 *fill*         0x0000000008000a42        0x2 
 .text.HAL_Init
                0x0000000008000a44       0x2c ./Drivers/STM32F1xx_HAL_Driver/Src/stm32f1xx_hal.o
                0x0000000008000a44                HAL_Init
 .text.HAL_InitTick
                0x0000000008000a70       0x60 ./Drivers/STM32F1xx_HAL_Driver/Src/stm32f1xx_hal.o
                0x0000000008000a70                HAL_InitTick
 .text.HAL_IncTick
                0x0000000008000ad0       0x24 ./Drivers/STM32F1xx_HAL_Driver/Src/stm32f1xx_hal.o
                0x0000000008000ad0                HAL_IncTick
 .text.HAL_GetTick
                0x0000000008000af4       0x14 ./Drivers/STM32F1xx_HAL_Driver/Src/stm32f1xx_hal.o
                0x0000000008000af4                HAL_GetTick
 .text.__NVIC_SetPriorityGrouping
                0x0000000008000b08       0x48 ./Drivers/STM32F1xx_HAL_Driver/Src/stm32f1xx_hal_cortex.o
 .text.__NVIC_GetPriorityGrouping
                0x0000000008000b50       0x1c ./Drivers/STM32F1xx_HAL_Driver/Src/stm32f1xx_hal_cortex.o
 .text.__NVIC_EnableIRQ
                0x0000000008000b6c       0x38 ./Drivers/STM32F1xx_HAL_Driver/Src/stm32f1xx_hal_cortex.o
 .text.__NVIC_SetPriority
                0x0000000008000ba4       0x54 ./Drivers/STM32F1xx_HAL_Driver/Src/stm32f1xx_hal_cortex.o
 .text.NVIC_EncodePriority
                0x0000000008000bf8       0x64 ./Drivers/STM32F1xx_HAL_Driver/Src/stm32f1xx_hal_cortex.o
 .text.SysTick_Config
                0x0000000008000c5c       0x44 ./Drivers/STM32F1xx_HAL_Driver/Src/stm32f1xx_hal_cortex.o
 .text.HAL_NVIC_SetPriorityGrouping
                0x0000000008000ca0       0x16 ./Drivers/STM32F1xx_HAL_Driver/Src/stm32f1xx_hal_cortex.o
                0x0000000008000ca0                HAL_NVIC_SetPriorityGrouping
 .text.HAL_NVIC_SetPriority
                0x0000000008000cb6       0x38 ./Drivers/STM32F1xx_HAL_Driver/Src/stm32f1xx_hal_cortex.o
                0x0000000008000cb6                HAL_NVIC_SetPriority
 .text.HAL_NVIC_EnableIRQ
                0x0000000008000cee       0x1c ./Drivers/STM32F1xx_HAL_Driver/Src/stm32f1xx_hal_cortex.o
                0x0000000008000cee                HAL_NVIC_EnableIRQ
 .text.HAL_SYSTICK_Config
                0x0000000008000d0a       0x18 ./Drivers/STM32F1xx_HAL_Driver/Src/stm32f1xx_hal_cortex.o
                0x0000000008000d0a                HAL_SYSTICK_Config
 *fill*         0x0000000008000d22        0x2 
 .text.HAL_DMA_Init
                0x0000000008000d24       0xb4 ./Drivers/STM32F1xx_HAL_Driver/Src/stm32f1xx_hal_dma.o
                0x0000000008000d24                HAL_DMA_Init
 .text.HAL_DMA_Start_IT
                0x0000000008000dd8       0xc0 ./Drivers/STM32F1xx_HAL_Driver/Src/stm32f1xx_hal_dma.o
                0x0000000008000dd8                HAL_DMA_Start_IT
 .text.HAL_DMA_IRQHandler
                0x0000000008000e98      0x20c ./Drivers/STM32F1xx_HAL_Driver/Src/stm32f1xx_hal_dma.o
                0x0000000008000e98                HAL_DMA_IRQHandler
 .text.DMA_SetConfig
                0x00000000080010a4       0x5a ./Drivers/STM32F1xx_HAL_Driver/Src/stm32f1xx_hal_dma.o
 *fill*         0x00000000080010fe        0x2 
 .text.HAL_GPIO_Init
                0x0000000008001100      0x308 ./Drivers/STM32F1xx_HAL_Driver/Src/stm32f1xx_hal_gpio.o
                0x0000000008001100                HAL_GPIO_Init
 .text.HAL_GPIO_EXTI_IRQHandler
                0x0000000008001408       0x30 ./Drivers/STM32F1xx_HAL_Driver/Src/stm32f1xx_hal_gpio.o
                0x0000000008001408                HAL_GPIO_EXTI_IRQHandler
 .text.HAL_GPIO_EXTI_Callback
                0x0000000008001438       0x14 ./Drivers/STM32F1xx_HAL_Driver/Src/stm32f1xx_hal_gpio.o
                0x0000000008001438                HAL_GPIO_EXTI_Callback
 .text.HAL_RCC_OscConfig
                0x000000000800144c      0x504 ./Drivers/STM32F1xx_HAL_Driver/Src/stm32f1xx_hal_rcc.o
                0x000000000800144c                HAL_RCC_OscConfig
 .text.HAL_RCC_ClockConfig
                0x0000000008001950      0x1d4 ./Drivers/STM32F1xx_HAL_Driver/Src/stm32f1xx_hal_rcc.o
                0x0000000008001950                HAL_RCC_ClockConfig
 .text.HAL_RCC_GetSysClockFreq
                0x0000000008001b24       0xa8 ./Drivers/STM32F1xx_HAL_Driver/Src/stm32f1xx_hal_rcc.o
                0x0000000008001b24                HAL_RCC_GetSysClockFreq
 .text.HAL_RCC_GetHCLKFreq
                0x0000000008001bcc       0x14 ./Drivers/STM32F1xx_HAL_Driver/Src/stm32f1xx_hal_rcc.o
                0x0000000008001bcc                HAL_RCC_GetHCLKFreq
 .text.HAL_RCC_GetPCLK1Freq
                0x0000000008001be0       0x28 ./Drivers/STM32F1xx_HAL_Driver/Src/stm32f1xx_hal_rcc.o
                0x0000000008001be0                HAL_RCC_GetPCLK1Freq
 .text.HAL_RCC_GetPCLK2Freq
                0x0000000008001c08       0x28 ./Drivers/STM32F1xx_HAL_Driver/Src/stm32f1xx_hal_rcc.o
                0x0000000008001c08                HAL_RCC_GetPCLK2Freq
 .text.RCC_Delay
                0x0000000008001c30       0x3c ./Drivers/STM32F1xx_HAL_Driver/Src/stm32f1xx_hal_rcc.o
 .text.HAL_SPI_Init
                0x0000000008001c6c      0x108 ./Drivers/STM32F1xx_HAL_Driver/Src/stm32f1xx_hal_spi.o
                0x0000000008001c6c                HAL_SPI_Init
 .text.HAL_SPI_Receive
                0x0000000008001d74      0x230 ./Drivers/STM32F1xx_HAL_Driver/Src/stm32f1xx_hal_spi.o
                0x0000000008001d74                HAL_SPI_Receive
 .text.HAL_SPI_TransmitReceive
                0x0000000008001fa4      0x360 ./Drivers/STM32F1xx_HAL_Driver/Src/stm32f1xx_hal_spi.o
                0x0000000008001fa4                HAL_SPI_TransmitReceive
 .text.HAL_SPI_Transmit_DMA
                0x0000000008002304      0x164 ./Drivers/STM32F1xx_HAL_Driver/Src/stm32f1xx_hal_spi.o
                0x0000000008002304                HAL_SPI_Transmit_DMA
 .text.HAL_SPI_Receive_DMA
                0x0000000008002468      0x188 ./Drivers/STM32F1xx_HAL_Driver/Src/stm32f1xx_hal_spi.o
                0x0000000008002468                HAL_SPI_Receive_DMA
 .text.HAL_SPI_TransmitReceive_DMA
                0x00000000080025f0      0x1f4 ./Drivers/STM32F1xx_HAL_Driver/Src/stm32f1xx_hal_spi.o
                0x00000000080025f0                HAL_SPI_TransmitReceive_DMA
 .text.HAL_SPI_TxRxCpltCallback
                0x00000000080027e4       0x12 ./Drivers/STM32F1xx_HAL_Driver/Src/stm32f1xx_hal_spi.o
                0x00000000080027e4                HAL_SPI_TxRxCpltCallback
 .text.HAL_SPI_TxHalfCpltCallback
                0x00000000080027f6       0x12 ./Drivers/STM32F1xx_HAL_Driver/Src/stm32f1xx_hal_spi.o
                0x00000000080027f6                HAL_SPI_TxHalfCpltCallback
 .text.HAL_SPI_RxHalfCpltCallback
                0x0000000008002808       0x12 ./Drivers/STM32F1xx_HAL_Driver/Src/stm32f1xx_hal_spi.o
                0x0000000008002808                HAL_SPI_RxHalfCpltCallback
 .text.HAL_SPI_TxRxHalfCpltCallback
                0x000000000800281a       0x12 ./Drivers/STM32F1xx_HAL_Driver/Src/stm32f1xx_hal_spi.o
                0x000000000800281a                HAL_SPI_TxRxHalfCpltCallback
 .text.HAL_SPI_ErrorCallback
                0x000000000800282c       0x12 ./Drivers/STM32F1xx_HAL_Driver/Src/stm32f1xx_hal_spi.o
                0x000000000800282c                HAL_SPI_ErrorCallback
 .text.SPI_DMATransmitCplt
                0x000000000800283e       0xa6 ./Drivers/STM32F1xx_HAL_Driver/Src/stm32f1xx_hal_spi.o
 .text.SPI_DMAReceiveCplt
                0x00000000080028e4       0xa6 ./Drivers/STM32F1xx_HAL_Driver/Src/stm32f1xx_hal_spi.o
 .text.SPI_DMATransmitReceiveCplt
                0x000000000800298a       0x8e ./Drivers/STM32F1xx_HAL_Driver/Src/stm32f1xx_hal_spi.o
 .text.SPI_DMAHalfTransmitCplt
                0x0000000008002a18       0x1c ./Drivers/STM32F1xx_HAL_Driver/Src/stm32f1xx_hal_spi.o
 .text.SPI_DMAHalfReceiveCplt
                0x0000000008002a34       0x1c ./Drivers/STM32F1xx_HAL_Driver/Src/stm32f1xx_hal_spi.o
 .text.SPI_DMAHalfTransmitReceiveCplt
                0x0000000008002a50       0x1c ./Drivers/STM32F1xx_HAL_Driver/Src/stm32f1xx_hal_spi.o
 .text.SPI_DMAError
                0x0000000008002a6c       0x40 ./Drivers/STM32F1xx_HAL_Driver/Src/stm32f1xx_hal_spi.o
 .text.SPI_WaitFlagStateUntilTimeout
                0x0000000008002aac      0x110 ./Drivers/STM32F1xx_HAL_Driver/Src/stm32f1xx_hal_spi.o
 .text.SPI_EndRxTransaction
                0x0000000008002bbc       0xa4 ./Drivers/STM32F1xx_HAL_Driver/Src/stm32f1xx_hal_spi.o
 .text.SPI_EndRxTxTransaction
                0x0000000008002c60       0x3c ./Drivers/STM32F1xx_HAL_Driver/Src/stm32f1xx_hal_spi.o
 .text.HAL_UART_Init
                0x0000000008002c9c       0xa0 ./Drivers/STM32F1xx_HAL_Driver/Src/stm32f1xx_hal_uart.o
                0x0000000008002c9c                HAL_UART_Init
 .text.HAL_UART_Receive
                0x0000000008002d3c      0x124 ./Drivers/STM32F1xx_HAL_Driver/Src/stm32f1xx_hal_uart.o
                0x0000000008002d3c                HAL_UART_Receive
 .text.HAL_UART_Transmit_DMA
                0x0000000008002e60       0xe0 ./Drivers/STM32F1xx_HAL_Driver/Src/stm32f1xx_hal_uart.o
                0x0000000008002e60                HAL_UART_Transmit_DMA
 .text.HAL_UART_Receive_DMA
                0x0000000008002f40       0x4a ./Drivers/STM32F1xx_HAL_Driver/Src/stm32f1xx_hal_uart.o
                0x0000000008002f40                HAL_UART_Receive_DMA
 .text.HAL_UART_TxHalfCpltCallback
                0x0000000008002f8a       0x12 ./Drivers/STM32F1xx_HAL_Driver/Src/stm32f1xx_hal_uart.o
                0x0000000008002f8a                HAL_UART_TxHalfCpltCallback
 .text.HAL_UART_RxHalfCpltCallback
                0x0000000008002f9c       0x12 ./Drivers/STM32F1xx_HAL_Driver/Src/stm32f1xx_hal_uart.o
                0x0000000008002f9c                HAL_UART_RxHalfCpltCallback
 .text.HAL_UART_ErrorCallback
                0x0000000008002fae       0x12 ./Drivers/STM32F1xx_HAL_Driver/Src/stm32f1xx_hal_uart.o
                0x0000000008002fae                HAL_UART_ErrorCallback
 .text.HAL_UARTEx_RxEventCallback
                0x0000000008002fc0       0x16 ./Drivers/STM32F1xx_HAL_Driver/Src/stm32f1xx_hal_uart.o
                0x0000000008002fc0                HAL_UARTEx_RxEventCallback
 .text.UART_DMATransmitCplt
                0x0000000008002fd6       0x9a ./Drivers/STM32F1xx_HAL_Driver/Src/stm32f1xx_hal_uart.o
 .text.UART_DMATxHalfCplt
                0x0000000008003070       0x1c ./Drivers/STM32F1xx_HAL_Driver/Src/stm32f1xx_hal_uart.o
 .text.UART_DMAReceiveCplt
                0x000000000800308c      0x12c ./Drivers/STM32F1xx_HAL_Driver/Src/stm32f1xx_hal_uart.o
 .text.UART_DMARxHalfCplt
                0x00000000080031b8       0x3c ./Drivers/STM32F1xx_HAL_Driver/Src/stm32f1xx_hal_uart.o
 .text.UART_DMAError
                0x00000000080031f4       0x94 ./Drivers/STM32F1xx_HAL_Driver/Src/stm32f1xx_hal_uart.o
 .text.UART_WaitOnFlagUntilTimeout
                0x0000000008003288       0xdc ./Drivers/STM32F1xx_HAL_Driver/Src/stm32f1xx_hal_uart.o
 .text.UART_Start_Receive_DMA
                0x0000000008003364      0x134 ./Drivers/STM32F1xx_HAL_Driver/Src/stm32f1xx_hal_uart.o
                0x0000000008003364                UART_Start_Receive_DMA
 .text.UART_EndTxTransfer
                0x0000000008003498       0x4e ./Drivers/STM32F1xx_HAL_Driver/Src/stm32f1xx_hal_uart.o
 .text.UART_EndRxTransfer
                0x00000000080034e6       0xc4 ./Drivers/STM32F1xx_HAL_Driver/Src/stm32f1xx_hal_uart.o
 *fill*         0x00000000080035aa        0x2 
 .text.UART_SetConfig
                0x00000000080035ac      0x11c ./Drivers/STM32F1xx_HAL_Driver/Src/stm32f1xx_hal_uart.o
 .text.osKernelInitialize
                0x00000000080036c8       0x64 ./Middlewares/Third_Party/FreeRTOS/Source/CMSIS_RTOS_V2/cmsis_os2.o
                0x00000000080036c8                osKernelInitialize
 .text.osKernelStart
                0x000000000800372c       0x68 ./Middlewares/Third_Party/FreeRTOS/Source/CMSIS_RTOS_V2/cmsis_os2.o
                0x000000000800372c                osKernelStart
 .text.osThreadNew
                0x0000000008003794      0x154 ./Middlewares/Third_Party/FreeRTOS/Source/CMSIS_RTOS_V2/cmsis_os2.o
                0x0000000008003794                osThreadNew
 .text.osDelay  0x00000000080038e8       0x5c ./Middlewares/Third_Party/FreeRTOS/Source/CMSIS_RTOS_V2/cmsis_os2.o
                0x00000000080038e8                osDelay
 .text.osEventFlagsNew
                0x0000000008003944       0xa4 ./Middlewares/Third_Party/FreeRTOS/Source/CMSIS_RTOS_V2/cmsis_os2.o
                0x0000000008003944                osEventFlagsNew
 .text.osEventFlagsSet
                0x00000000080039e8       0xb0 ./Middlewares/Third_Party/FreeRTOS/Source/CMSIS_RTOS_V2/cmsis_os2.o
                0x00000000080039e8                osEventFlagsSet
 .text.osEventFlagsWait
                0x0000000008003a98       0xec ./Middlewares/Third_Party/FreeRTOS/Source/CMSIS_RTOS_V2/cmsis_os2.o
                0x0000000008003a98                osEventFlagsWait
 .text.vApplicationGetIdleTaskMemory
                0x0000000008003b84       0x30 ./Middlewares/Third_Party/FreeRTOS/Source/CMSIS_RTOS_V2/cmsis_os2.o
                0x0000000008003b84                vApplicationGetIdleTaskMemory
 .text.vApplicationGetTimerTaskMemory
                0x0000000008003bb4       0x34 ./Middlewares/Third_Party/FreeRTOS/Source/CMSIS_RTOS_V2/cmsis_os2.o
                0x0000000008003bb4                vApplicationGetTimerTaskMemory
 .text.xEventGroupCreateStatic
                0x0000000008003be8       0x6e ./Middlewares/Third_Party/FreeRTOS/Source/event_groups.o
                0x0000000008003be8                xEventGroupCreateStatic
 .text.xEventGroupCreate
                0x0000000008003c56       0x34 ./Middlewares/Third_Party/FreeRTOS/Source/event_groups.o
                0x0000000008003c56                xEventGroupCreate
 *fill*         0x0000000008003c8a        0x2 
 .text.xEventGroupWaitBits
                0x0000000008003c8c      0x19c ./Middlewares/Third_Party/FreeRTOS/Source/event_groups.o
                0x0000000008003c8c                xEventGroupWaitBits
 .text.xEventGroupSetBits
                0x0000000008003e28      0x116 ./Middlewares/Third_Party/FreeRTOS/Source/event_groups.o
                0x0000000008003e28                xEventGroupSetBits
 .text.vEventGroupSetBitsCallback
                0x0000000008003f3e       0x1a ./Middlewares/Third_Party/FreeRTOS/Source/event_groups.o
                0x0000000008003f3e                vEventGroupSetBitsCallback
 .text.prvTestWaitCondition
                0x0000000008003f58       0x42 ./Middlewares/Third_Party/FreeRTOS/Source/event_groups.o
 *fill*         0x0000000008003f9a        0x2 
 .text.xEventGroupSetBitsFromISR
                0x0000000008003f9c       0x28 ./Middlewares/Third_Party/FreeRTOS/Source/event_groups.o
                0x0000000008003f9c                xEventGroupSetBitsFromISR
 .text.vListInitialise
                0x0000000008003fc4       0x3e ./Middlewares/Third_Party/FreeRTOS/Source/list.o
                0x0000000008003fc4                vListInitialise
 .text.vListInitialiseItem
                0x0000000008004002       0x18 ./Middlewares/Third_Party/FreeRTOS/Source/list.o
                0x0000000008004002                vListInitialiseItem
 .text.vListInsertEnd
                0x000000000800401a       0x46 ./Middlewares/Third_Party/FreeRTOS/Source/list.o
                0x000000000800401a                vListInsertEnd
 .text.vListInsert
                0x0000000008004060       0x70 ./Middlewares/Third_Party/FreeRTOS/Source/list.o
                0x0000000008004060                vListInsert
 .text.uxListRemove
                0x00000000080040d0       0x52 ./Middlewares/Third_Party/FreeRTOS/Source/list.o
                0x00000000080040d0                uxListRemove
 *fill*         0x0000000008004122        0x2 
 .text.xQueueGenericReset
                0x0000000008004124       0xd0 ./Middlewares/Third_Party/FreeRTOS/Source/queue.o
                0x0000000008004124                xQueueGenericReset
 .text.xQueueGenericCreateStatic
                0x00000000080041f4       0xee ./Middlewares/Third_Party/FreeRTOS/Source/queue.o
                0x00000000080041f4                xQueueGenericCreateStatic
 .text.prvInitialiseNewQueue
                0x00000000080042e2       0x46 ./Middlewares/Third_Party/FreeRTOS/Source/queue.o
 .text.xQueueGenericSend
                0x0000000008004328      0x1fc ./Middlewares/Third_Party/FreeRTOS/Source/queue.o
                0x0000000008004328                xQueueGenericSend
 .text.xQueueGenericSendFromISR
                0x0000000008004524      0x130 ./Middlewares/Third_Party/FreeRTOS/Source/queue.o
                0x0000000008004524                xQueueGenericSendFromISR
 .text.xQueueReceive
                0x0000000008004654      0x1c0 ./Middlewares/Third_Party/FreeRTOS/Source/queue.o
                0x0000000008004654                xQueueReceive
 .text.prvCopyDataToQueue
                0x0000000008004814       0xd4 ./Middlewares/Third_Party/FreeRTOS/Source/queue.o
 .text.prvCopyDataFromQueue
                0x00000000080048e8       0x4c ./Middlewares/Third_Party/FreeRTOS/Source/queue.o
 .text.prvUnlockQueue
                0x0000000008004934       0xa4 ./Middlewares/Third_Party/FreeRTOS/Source/queue.o
 .text.prvIsQueueEmpty
                0x00000000080049d8       0x2c ./Middlewares/Third_Party/FreeRTOS/Source/queue.o
 .text.prvIsQueueFull
                0x0000000008004a04       0x30 ./Middlewares/Third_Party/FreeRTOS/Source/queue.o
 .text.vQueueAddToRegistry
                0x0000000008004a34       0x50 ./Middlewares/Third_Party/FreeRTOS/Source/queue.o
                0x0000000008004a34                vQueueAddToRegistry
 .text.vQueueWaitForMessageRestricted
                0x0000000008004a84       0x68 ./Middlewares/Third_Party/FreeRTOS/Source/queue.o
                0x0000000008004a84                vQueueWaitForMessageRestricted
 .text.xTaskCreateStatic
                0x0000000008004aec       0xb8 ./Middlewares/Third_Party/FreeRTOS/Source/tasks.o
                0x0000000008004aec                xTaskCreateStatic
 .text.xTaskCreate
                0x0000000008004ba4       0x8a ./Middlewares/Third_Party/FreeRTOS/Source/tasks.o
                0x0000000008004ba4                xTaskCreate
 *fill*         0x0000000008004c2e        0x2 
 .text.prvInitialiseNewTask
                0x0000000008004c30      0x13c ./Middlewares/Third_Party/FreeRTOS/Source/tasks.o
 .text.prvAddNewTaskToReadyList
                0x0000000008004d6c       0xe0 ./Middlewares/Third_Party/FreeRTOS/Source/tasks.o
 .text.vTaskDelay
                0x0000000008004e4c       0x68 ./Middlewares/Third_Party/FreeRTOS/Source/tasks.o
                0x0000000008004e4c                vTaskDelay
 .text.vTaskStartScheduler
                0x0000000008004eb4       0xe0 ./Middlewares/Third_Party/FreeRTOS/Source/tasks.o
                0x0000000008004eb4                vTaskStartScheduler
 .text.vTaskSuspendAll
                0x0000000008004f94       0x1c ./Middlewares/Third_Party/FreeRTOS/Source/tasks.o
                0x0000000008004f94                vTaskSuspendAll
 .text.xTaskResumeAll
                0x0000000008004fb0      0x13c ./Middlewares/Third_Party/FreeRTOS/Source/tasks.o
                0x0000000008004fb0                xTaskResumeAll
 .text.xTaskGetTickCount
                0x00000000080050ec       0x1c ./Middlewares/Third_Party/FreeRTOS/Source/tasks.o
                0x00000000080050ec                xTaskGetTickCount
 .text.xTaskIncrementTick
                0x0000000008005108      0x17c ./Middlewares/Third_Party/FreeRTOS/Source/tasks.o
                0x0000000008005108                xTaskIncrementTick
 .text.vTaskSwitchContext
                0x0000000008005284       0xc8 ./Middlewares/Third_Party/FreeRTOS/Source/tasks.o
                0x0000000008005284                vTaskSwitchContext
 .text.vTaskPlaceOnEventList
                0x000000000800534c       0x48 ./Middlewares/Third_Party/FreeRTOS/Source/tasks.o
                0x000000000800534c                vTaskPlaceOnEventList
 .text.vTaskPlaceOnUnorderedEventList
                0x0000000008005394       0x78 ./Middlewares/Third_Party/FreeRTOS/Source/tasks.o
                0x0000000008005394                vTaskPlaceOnUnorderedEventList
 .text.vTaskPlaceOnEventListRestricted
                0x000000000800540c       0x58 ./Middlewares/Third_Party/FreeRTOS/Source/tasks.o
                0x000000000800540c                vTaskPlaceOnEventListRestricted
 .text.xTaskRemoveFromEventList
                0x0000000008005464       0xc8 ./Middlewares/Third_Party/FreeRTOS/Source/tasks.o
                0x0000000008005464                xTaskRemoveFromEventList
 .text.vTaskRemoveFromUnorderedEventList
                0x000000000800552c       0xc4 ./Middlewares/Third_Party/FreeRTOS/Source/tasks.o
                0x000000000800552c                vTaskRemoveFromUnorderedEventList
 .text.vTaskInternalSetTimeOutState
                0x00000000080055f0       0x2c ./Middlewares/Third_Party/FreeRTOS/Source/tasks.o
                0x00000000080055f0                vTaskInternalSetTimeOutState
 .text.xTaskCheckForTimeOut
                0x000000000800561c       0xc4 ./Middlewares/Third_Party/FreeRTOS/Source/tasks.o
                0x000000000800561c                xTaskCheckForTimeOut
 .text.vTaskMissedYield
                0x00000000080056e0       0x18 ./Middlewares/Third_Party/FreeRTOS/Source/tasks.o
                0x00000000080056e0                vTaskMissedYield
 .text.prvIdleTask
                0x00000000080056f8       0x30 ./Middlewares/Third_Party/FreeRTOS/Source/tasks.o
 .text.prvInitialiseTaskLists
                0x0000000008005728       0x80 ./Middlewares/Third_Party/FreeRTOS/Source/tasks.o
 .text.prvCheckTasksWaitingTermination
                0x00000000080057a8       0x5c ./Middlewares/Third_Party/FreeRTOS/Source/tasks.o
 .text.prvDeleteTCB
                0x0000000008005804       0x68 ./Middlewares/Third_Party/FreeRTOS/Source/tasks.o
 .text.prvResetNextTaskUnblockTime
                0x000000000800586c       0x48 ./Middlewares/Third_Party/FreeRTOS/Source/tasks.o
 .text.xTaskGetSchedulerState
                0x00000000080058b4       0x3c ./Middlewares/Third_Party/FreeRTOS/Source/tasks.o
                0x00000000080058b4                xTaskGetSchedulerState
 .text.xTaskPriorityDisinherit
                0x00000000080058f0       0xdc ./Middlewares/Third_Party/FreeRTOS/Source/tasks.o
                0x00000000080058f0                xTaskPriorityDisinherit
 .text.uxTaskResetEventItemValue
                0x00000000080059cc       0x30 ./Middlewares/Third_Party/FreeRTOS/Source/tasks.o
                0x00000000080059cc                uxTaskResetEventItemValue
 .text.prvAddCurrentTaskToDelayedList
                0x00000000080059fc       0xa8 ./Middlewares/Third_Party/FreeRTOS/Source/tasks.o
 .text.xTimerCreateTimerTask
                0x0000000008005aa4       0x90 ./Middlewares/Third_Party/FreeRTOS/Source/timers.o
                0x0000000008005aa4                xTimerCreateTimerTask
 .text.xTimerGenericCommand
                0x0000000008005b34       0x9c ./Middlewares/Third_Party/FreeRTOS/Source/timers.o
                0x0000000008005b34                xTimerGenericCommand
 .text.prvProcessExpiredTimer
                0x0000000008005bd0       0x80 ./Middlewares/Third_Party/FreeRTOS/Source/timers.o
 .text.prvTimerTask
                0x0000000008005c50       0x24 ./Middlewares/Third_Party/FreeRTOS/Source/timers.o
 .text.prvProcessTimerOrBlockTask
                0x0000000008005c74       0x9c ./Middlewares/Third_Party/FreeRTOS/Source/timers.o
 .text.prvGetNextExpireTime
                0x0000000008005d10       0x48 ./Middlewares/Third_Party/FreeRTOS/Source/timers.o
 .text.prvSampleTimeNow
                0x0000000008005d58       0x40 ./Middlewares/Third_Party/FreeRTOS/Source/timers.o
 .text.prvInsertTimerInActiveList
                0x0000000008005d98       0x84 ./Middlewares/Third_Party/FreeRTOS/Source/timers.o
 .text.prvProcessReceivedCommands
                0x0000000008005e1c      0x168 ./Middlewares/Third_Party/FreeRTOS/Source/timers.o
 .text.prvSwitchTimerLists
                0x0000000008005f84       0xc4 ./Middlewares/Third_Party/FreeRTOS/Source/timers.o
 .text.prvCheckForValidListAndQueue
                0x0000000008006048       0x80 ./Middlewares/Third_Party/FreeRTOS/Source/timers.o
 .text.xTimerPendFunctionCallFromISR
                0x00000000080060c8       0x40 ./Middlewares/Third_Party/FreeRTOS/Source/timers.o
                0x00000000080060c8                xTimerPendFunctionCallFromISR
 .text.pxPortInitialiseStack
                0x0000000008006108       0x58 ./Middlewares/Third_Party/FreeRTOS/Source/portable/GCC/ARM_CM3/port.o
                0x0000000008006108                pxPortInitialiseStack
 .text.prvTaskExitError
                0x0000000008006160       0x58 ./Middlewares/Third_Party/FreeRTOS/Source/portable/GCC/ARM_CM3/port.o
 *fill*         0x00000000080061b8        0x8 
 .text.SVC_Handler
                0x00000000080061c0       0x28 ./Middlewares/Third_Party/FreeRTOS/Source/portable/GCC/ARM_CM3/port.o
                0x00000000080061c0                SVC_Handler
 .text.prvPortStartFirstTask
                0x00000000080061e8       0x20 ./Middlewares/Third_Party/FreeRTOS/Source/portable/GCC/ARM_CM3/port.o
 .text.xPortStartScheduler
                0x0000000008006208       0xe4 ./Middlewares/Third_Party/FreeRTOS/Source/portable/GCC/ARM_CM3/port.o
                0x0000000008006208                xPortStartScheduler
 .text.vPortEnterCritical
                0x00000000080062ec       0x60 ./Middlewares/Third_Party/FreeRTOS/Source/portable/GCC/ARM_CM3/port.o
                0x00000000080062ec                vPortEnterCritical
 .text.vPortExitCritical
                0x000000000800634c       0x50 ./Middlewares/Third_Party/FreeRTOS/Source/portable/GCC/ARM_CM3/port.o
                0x000000000800634c                vPortExitCritical
 *fill*         0x000000000800639c        0x4 
 .text.PendSV_Handler
                0x00000000080063a0       0x48 ./Middlewares/Third_Party/FreeRTOS/Source/portable/GCC/ARM_CM3/port.o
                0x00000000080063a0                PendSV_Handler
 .text.xPortSysTickHandler
                0x00000000080063e8       0x44 ./Middlewares/Third_Party/FreeRTOS/Source/portable/GCC/ARM_CM3/port.o
                0x00000000080063e8                xPortSysTickHandler
 .text.vPortSetupTimerInterrupt
                0x000000000800642c       0x44 ./Middlewares/Third_Party/FreeRTOS/Source/portable/GCC/ARM_CM3/port.o
                0x000000000800642c                vPortSetupTimerInterrupt
 .text.vPortValidateInterruptPriority
                0x0000000008006470       0x7c ./Middlewares/Third_Party/FreeRTOS/Source/portable/GCC/ARM_CM3/port.o
                0x0000000008006470                vPortValidateInterruptPriority
 .text.pvPortMalloc
                0x00000000080064ec      0x188 ./Middlewares/Third_Party/FreeRTOS/Source/portable/MemMang/heap_4.o
                0x00000000080064ec                pvPortMalloc
 .text.vPortFree
                0x0000000008006674       0xb4 ./Middlewares/Third_Party/FreeRTOS/Source/portable/MemMang/heap_4.o
                0x0000000008006674                vPortFree
 .text.prvHeapInit
                0x0000000008006728       0xc4 ./Middlewares/Third_Party/FreeRTOS/Source/portable/MemMang/heap_4.o
 .text.prvInsertBlockIntoFreeList
                0x00000000080067ec       0xb0 ./Middlewares/Third_Party/FreeRTOS/Source/portable/MemMang/heap_4.o
 .text.__libc_init_array
                0x000000000800689c       0x48 /Applications/STM32CubeIDE.app/Contents/Eclipse/plugins/com.st.stm32cube.ide.mcu.externaltools.gnu-tools-for-stm32.10.3-2021.10.macos64_1.0.200.202301161003/tools/bin/../lib/gcc/arm-none-eabi/10.3.1/../../../../arm-none-eabi/lib/thumb/v7-m/nofp/libc_nano.a(lib_a-init.o)
                0x000000000800689c                __libc_init_array
 .text.__retarget_lock_acquire_recursive
                0x00000000080068e4        0x2 /Applications/STM32CubeIDE.app/Contents/Eclipse/plugins/com.st.stm32cube.ide.mcu.externaltools.gnu-tools-for-stm32.10.3-2021.10.macos64_1.0.200.202301161003/tools/bin/../lib/gcc/arm-none-eabi/10.3.1/../../../../arm-none-eabi/lib/thumb/v7-m/nofp/libc_nano.a(lib_a-lock.o)
                0x00000000080068e4                __retarget_lock_acquire_recursive
 .text.__retarget_lock_release_recursive
                0x00000000080068e6        0x2 /Applications/STM32CubeIDE.app/Contents/Eclipse/plugins/com.st.stm32cube.ide.mcu.externaltools.gnu-tools-for-stm32.10.3-2021.10.macos64_1.0.200.202301161003/tools/bin/../lib/gcc/arm-none-eabi/10.3.1/../../../../arm-none-eabi/lib/thumb/v7-m/nofp/libc_nano.a(lib_a-lock.o)
                0x00000000080068e6                __retarget_lock_release_recursive
 .text.memcpy   0x00000000080068e8       0x1c /Applications/STM32CubeIDE.app/Contents/Eclipse/plugins/com.st.stm32cube.ide.mcu.externaltools.gnu-tools-for-stm32.10.3-2021.10.macos64_1.0.200.202301161003/tools/bin/../lib/gcc/arm-none-eabi/10.3.1/../../../../arm-none-eabi/lib/thumb/v7-m/nofp/libc_nano.a(lib_a-memcpy-stub.o)
                0x00000000080068e8                memcpy
 .text.memset   0x0000000008006904       0x10 /Applications/STM32CubeIDE.app/Contents/Eclipse/plugins/com.st.stm32cube.ide.mcu.externaltools.gnu-tools-for-stm32.10.3-2021.10.macos64_1.0.200.202301161003/tools/bin/../lib/gcc/arm-none-eabi/10.3.1/../../../../arm-none-eabi/lib/thumb/v7-m/nofp/libc_nano.a(lib_a-memset.o)
                0x0000000008006904                memset
 .text.cleanup_glue
                0x0000000008006914       0x1a /Applications/STM32CubeIDE.app/Contents/Eclipse/plugins/com.st.stm32cube.ide.mcu.externaltools.gnu-tools-for-stm32.10.3-2021.10.macos64_1.0.200.202301161003/tools/bin/../lib/gcc/arm-none-eabi/10.3.1/../../../../arm-none-eabi/lib/thumb/v7-m/nofp/libc_nano.a(lib_a-reent.o)
                0x0000000008006914                cleanup_glue
 *fill*         0x000000000800692e        0x2 
 .text._reclaim_reent
                0x0000000008006930       0xb8 /Applications/STM32CubeIDE.app/Contents/Eclipse/plugins/com.st.stm32cube.ide.mcu.externaltools.gnu-tools-for-stm32.10.3-2021.10.macos64_1.0.200.202301161003/tools/bin/../lib/gcc/arm-none-eabi/10.3.1/../../../../arm-none-eabi/lib/thumb/v7-m/nofp/libc_nano.a(lib_a-reent.o)
                0x0000000008006930                _reclaim_reent
 .text.__malloc_lock
                0x00000000080069e8        0xc /Applications/STM32CubeIDE.app/Contents/Eclipse/plugins/com.st.stm32cube.ide.mcu.externaltools.gnu-tools-for-stm32.10.3-2021.10.macos64_1.0.200.202301161003/tools/bin/../lib/gcc/arm-none-eabi/10.3.1/../../../../arm-none-eabi/lib/thumb/v7-m/nofp/libc_nano.a(lib_a-mlock.o)
                0x00000000080069e8                __malloc_lock
 .text.__malloc_unlock
                0x00000000080069f4        0xc /Applications/STM32CubeIDE.app/Contents/Eclipse/plugins/com.st.stm32cube.ide.mcu.externaltools.gnu-tools-for-stm32.10.3-2021.10.macos64_1.0.200.202301161003/tools/bin/../lib/gcc/arm-none-eabi/10.3.1/../../../../arm-none-eabi/lib/thumb/v7-m/nofp/libc_nano.a(lib_a-mlock.o)
                0x00000000080069f4                __malloc_unlock
 .text._free_r  0x0000000008006a00       0x90 /Applications/STM32CubeIDE.app/Contents/Eclipse/plugins/com.st.stm32cube.ide.mcu.externaltools.gnu-tools-for-stm32.10.3-2021.10.macos64_1.0.200.202301161003/tools/bin/../lib/gcc/arm-none-eabi/10.3.1/../../../../arm-none-eabi/lib/thumb/v7-m/nofp/libc_nano.a(lib_a-nano-freer.o)
                0x0000000008006a00                _free_r
 *(.glue_7)
 .glue_7        0x0000000008006a90        0x0 linker stubs
 *(.glue_7t)
 .glue_7t       0x0000000008006a90        0x0 linker stubs
 *(.eh_frame)
 .eh_frame      0x0000000008006a90        0x0 /Applications/STM32CubeIDE.app/Contents/Eclipse/plugins/com.st.stm32cube.ide.mcu.externaltools.gnu-tools-for-stm32.10.3-2021.10.macos64_1.0.200.202301161003/tools/bin/../lib/gcc/arm-none-eabi/10.3.1/thumb/v7-m/nofp/crtbegin.o
 *(.init)
 .init          0x0000000008006a90        0x4 /Applications/STM32CubeIDE.app/Contents/Eclipse/plugins/com.st.stm32cube.ide.mcu.externaltools.gnu-tools-for-stm32.10.3-2021.10.macos64_1.0.200.202301161003/tools/bin/../lib/gcc/arm-none-eabi/10.3.1/thumb/v7-m/nofp/crti.o
                0x0000000008006a90                _init
 .init          0x0000000008006a94        0x8 /Applications/STM32CubeIDE.app/Contents/Eclipse/plugins/com.st.stm32cube.ide.mcu.externaltools.gnu-tools-for-stm32.10.3-2021.10.macos64_1.0.200.202301161003/tools/bin/../lib/gcc/arm-none-eabi/10.3.1/thumb/v7-m/nofp/crtn.o
 *(.fini)
 .fini          0x0000000008006a9c        0x4 /Applications/STM32CubeIDE.app/Contents/Eclipse/plugins/com.st.stm32cube.ide.mcu.externaltools.gnu-tools-for-stm32.10.3-2021.10.macos64_1.0.200.202301161003/tools/bin/../lib/gcc/arm-none-eabi/10.3.1/thumb/v7-m/nofp/crti.o
                0x0000000008006a9c                _fini
 .fini          0x0000000008006aa0        0x8 /Applications/STM32CubeIDE.app/Contents/Eclipse/plugins/com.st.stm32cube.ide.mcu.externaltools.gnu-tools-for-stm32.10.3-2021.10.macos64_1.0.200.202301161003/tools/bin/../lib/gcc/arm-none-eabi/10.3.1/thumb/v7-m/nofp/crtn.o
                0x0000000008006aa8                . = ALIGN (0x4)
                0x0000000008006aa8                _etext = .

.vfp11_veneer   0x0000000008006aa8        0x0
 .vfp11_veneer  0x0000000008006aa8        0x0 linker stubs

.v4_bx          0x0000000008006aa8        0x0
 .v4_bx         0x0000000008006aa8        0x0 linker stubs

.iplt           0x0000000008006aa8        0x0
 .iplt          0x0000000008006aa8        0x0 /Applications/STM32CubeIDE.app/Contents/Eclipse/plugins/com.st.stm32cube.ide.mcu.externaltools.gnu-tools-for-stm32.10.3-2021.10.macos64_1.0.200.202301161003/tools/bin/../lib/gcc/arm-none-eabi/10.3.1/thumb/v7-m/nofp/crtbegin.o

.rodata         0x0000000008006aa8      0x19c
                0x0000000008006aa8                . = ALIGN (0x4)
 *(.rodata)
 .rodata        0x0000000008006aa8       0x4c ./Core/Src/freertos.o
 .rodata        0x0000000008006af4        0x5 ./Middlewares/Third_Party/FreeRTOS/Source/tasks.o
 *fill*         0x0000000008006af9        0x3 
 .rodata        0x0000000008006afc        0xd ./Middlewares/Third_Party/FreeRTOS/Source/timers.o
 *(.rodata*)
 *fill*         0x0000000008006b09        0x3 
 .rodata.defaultTask_attributes
                0x0000000008006b0c       0x24 ./Core/Src/freertos.o
                0x0000000008006b0c                defaultTask_attributes
 .rodata.UART_comm_attributes
                0x0000000008006b30       0x24 ./Core/Src/freertos.o
                0x0000000008006b30                UART_comm_attributes
 .rodata.SPI_comm_attributes
                0x0000000008006b54       0x24 ./Core/Src/freertos.o
                0x0000000008006b54                SPI_comm_attributes
 .rodata.uart_RX__attributes
                0x0000000008006b78       0x10 ./Core/Src/freertos.o
                0x0000000008006b78                uart_RX__attributes
 .rodata.uart_TX__attributes
                0x0000000008006b88       0x10 ./Core/Src/freertos.o
                0x0000000008006b88                uart_TX__attributes
 .rodata.spi_RX__attributes
                0x0000000008006b98       0x10 ./Core/Src/freertos.o
                0x0000000008006b98                spi_RX__attributes
 .rodata.spi_TX__attributes
                0x0000000008006ba8       0x10 ./Core/Src/freertos.o
                0x0000000008006ba8                spi_TX__attributes
 .rodata.AHBPrescTable
                0x0000000008006bb8       0x10 ./Core/Src/system_stm32f1xx.o
                0x0000000008006bb8                AHBPrescTable
 .rodata.APBPrescTable
                0x0000000008006bc8        0x8 ./Core/Src/system_stm32f1xx.o
                0x0000000008006bc8                APBPrescTable
 .rodata.aPLLMULFactorTable.1
                0x0000000008006bd0       0x10 ./Drivers/STM32F1xx_HAL_Driver/Src/stm32f1xx_hal_rcc.o
 .rodata.aPredivFactorTable.0
                0x0000000008006be0        0x2 ./Drivers/STM32F1xx_HAL_Driver/Src/stm32f1xx_hal_rcc.o
 *fill*         0x0000000008006be2        0x2 
 .rodata.__sf_fake_stderr
                0x0000000008006be4       0x20 /Applications/STM32CubeIDE.app/Contents/Eclipse/plugins/com.st.stm32cube.ide.mcu.externaltools.gnu-tools-for-stm32.10.3-2021.10.macos64_1.0.200.202301161003/tools/bin/../lib/gcc/arm-none-eabi/10.3.1/../../../../arm-none-eabi/lib/thumb/v7-m/nofp/libc_nano.a(lib_a-findfp.o)
                0x0000000008006be4                __sf_fake_stderr
 .rodata.__sf_fake_stdin
                0x0000000008006c04       0x20 /Applications/STM32CubeIDE.app/Contents/Eclipse/plugins/com.st.stm32cube.ide.mcu.externaltools.gnu-tools-for-stm32.10.3-2021.10.macos64_1.0.200.202301161003/tools/bin/../lib/gcc/arm-none-eabi/10.3.1/../../../../arm-none-eabi/lib/thumb/v7-m/nofp/libc_nano.a(lib_a-findfp.o)
                0x0000000008006c04                __sf_fake_stdin
 .rodata.__sf_fake_stdout
                0x0000000008006c24       0x20 /Applications/STM32CubeIDE.app/Contents/Eclipse/plugins/com.st.stm32cube.ide.mcu.externaltools.gnu-tools-for-stm32.10.3-2021.10.macos64_1.0.200.202301161003/tools/bin/../lib/gcc/arm-none-eabi/10.3.1/../../../../arm-none-eabi/lib/thumb/v7-m/nofp/libc_nano.a(lib_a-findfp.o)
                0x0000000008006c24                __sf_fake_stdout
                0x0000000008006c44                . = ALIGN (0x4)

.rel.dyn        0x0000000008006c44        0x0
 .rel.iplt      0x0000000008006c44        0x0 /Applications/STM32CubeIDE.app/Contents/Eclipse/plugins/com.st.stm32cube.ide.mcu.externaltools.gnu-tools-for-stm32.10.3-2021.10.macos64_1.0.200.202301161003/tools/bin/../lib/gcc/arm-none-eabi/10.3.1/thumb/v7-m/nofp/crtbegin.o

.ARM.extab      0x0000000008006c44        0x0
                0x0000000008006c44                . = ALIGN (0x4)
 *(.ARM.extab* .gnu.linkonce.armextab.*)
                0x0000000008006c44                . = ALIGN (0x4)

.ARM            0x0000000008006c44        0x0
                0x0000000008006c44                . = ALIGN (0x4)
                0x0000000008006c44                __exidx_start = .
 *(.ARM.exidx*)
                0x0000000008006c44                __exidx_end = .
                0x0000000008006c44                . = ALIGN (0x4)

.preinit_array  0x0000000008006c44        0x0
                0x0000000008006c44                . = ALIGN (0x4)
                0x0000000008006c44                PROVIDE (__preinit_array_start = .)
 *(.preinit_array*)
                0x0000000008006c44                PROVIDE (__preinit_array_end = .)
                0x0000000008006c44                . = ALIGN (0x4)

.init_array     0x0000000008006c44        0x4
                0x0000000008006c44                . = ALIGN (0x4)
                0x0000000008006c44                PROVIDE (__init_array_start = .)
 *(SORT_BY_NAME(.init_array.*))
 *(.init_array*)
 .init_array    0x0000000008006c44        0x4 /Applications/STM32CubeIDE.app/Contents/Eclipse/plugins/com.st.stm32cube.ide.mcu.externaltools.gnu-tools-for-stm32.10.3-2021.10.macos64_1.0.200.202301161003/tools/bin/../lib/gcc/arm-none-eabi/10.3.1/thumb/v7-m/nofp/crtbegin.o
                0x0000000008006c48                PROVIDE (__init_array_end = .)
                0x0000000008006c48                . = ALIGN (0x4)

.fini_array     0x0000000008006c48        0x4
                0x0000000008006c48                . = ALIGN (0x4)
                [!provide]                        PROVIDE (__fini_array_start = .)
 *(SORT_BY_NAME(.fini_array.*))
 *(.fini_array*)
 .fini_array    0x0000000008006c48        0x4 /Applications/STM32CubeIDE.app/Contents/Eclipse/plugins/com.st.stm32cube.ide.mcu.externaltools.gnu-tools-for-stm32.10.3-2021.10.macos64_1.0.200.202301161003/tools/bin/../lib/gcc/arm-none-eabi/10.3.1/thumb/v7-m/nofp/crtbegin.o
                [!provide]                        PROVIDE (__fini_array_end = .)
                0x0000000008006c4c                . = ALIGN (0x4)
                0x0000000008006c4c                _sidata = LOADADDR (.data)

.data           0x0000000020000000       0x74 load address 0x0000000008006c4c
                0x0000000020000000                . = ALIGN (0x4)
                0x0000000020000000                _sdata = .
 *(.data)
 *(.data*)
 .data.SystemCoreClock
                0x0000000020000000        0x4 ./Core/Src/system_stm32f1xx.o
                0x0000000020000000                SystemCoreClock
 .data.uwTickPrio
                0x0000000020000004        0x4 ./Drivers/STM32F1xx_HAL_Driver/Src/stm32f1xx_hal.o
                0x0000000020000004                uwTickPrio
 .data.uwTickFreq
                0x0000000020000008        0x1 ./Drivers/STM32F1xx_HAL_Driver/Src/stm32f1xx_hal.o
                0x0000000020000008                uwTickFreq
 *fill*         0x0000000020000009        0x3 
 .data.uxCriticalNesting
                0x000000002000000c        0x4 ./Middlewares/Third_Party/FreeRTOS/Source/portable/GCC/ARM_CM3/port.o
 .data._impure_ptr
                0x0000000020000010        0x4 /Applications/STM32CubeIDE.app/Contents/Eclipse/plugins/com.st.stm32cube.ide.mcu.externaltools.gnu-tools-for-stm32.10.3-2021.10.macos64_1.0.200.202301161003/tools/bin/../lib/gcc/arm-none-eabi/10.3.1/../../../../arm-none-eabi/lib/thumb/v7-m/nofp/libc_nano.a(lib_a-impure.o)
                0x0000000020000010                _impure_ptr
 .data.impure_data
                0x0000000020000014       0x60 /Applications/STM32CubeIDE.app/Contents/Eclipse/plugins/com.st.stm32cube.ide.mcu.externaltools.gnu-tools-for-stm32.10.3-2021.10.macos64_1.0.200.202301161003/tools/bin/../lib/gcc/arm-none-eabi/10.3.1/../../../../arm-none-eabi/lib/thumb/v7-m/nofp/libc_nano.a(lib_a-impure.o)
 *(.RamFunc)
 *(.RamFunc*)
                0x0000000020000074                . = ALIGN (0x4)
                0x0000000020000074                _edata = .

.igot.plt       0x0000000020000074        0x0 load address 0x0000000008006cc0
 .igot.plt      0x0000000020000074        0x0 /Applications/STM32CubeIDE.app/Contents/Eclipse/plugins/com.st.stm32cube.ide.mcu.externaltools.gnu-tools-for-stm32.10.3-2021.10.macos64_1.0.200.202301161003/tools/bin/../lib/gcc/arm-none-eabi/10.3.1/thumb/v7-m/nofp/crtbegin.o
                0x0000000020000074                . = ALIGN (0x4)

.bss            0x0000000020000074     0x1cd0 load address 0x0000000008006cc0
                0x0000000020000074                _sbss = .
                0x0000000020000074                __bss_start__ = _sbss
 *(.bss)
 .bss           0x0000000020000074       0x1c /Applications/STM32CubeIDE.app/Contents/Eclipse/plugins/com.st.stm32cube.ide.mcu.externaltools.gnu-tools-for-stm32.10.3-2021.10.macos64_1.0.200.202301161003/tools/bin/../lib/gcc/arm-none-eabi/10.3.1/thumb/v7-m/nofp/crtbegin.o
 *(.bss*)
 .bss.uart_rx_data
                0x0000000020000090        0x1 ./Core/Src/freertos.o
                0x0000000020000090                uart_rx_data
 *fill*         0x0000000020000091        0x3 
 .bss.spi_rx_data
                0x0000000020000094        0x1 ./Core/Src/freertos.o
                0x0000000020000094                spi_rx_data
 *fill*         0x0000000020000095        0x3 
 .bss.uart_to_spi
                0x0000000020000098       0x64 ./Core/Src/freertos.o
                0x0000000020000098                uart_to_spi
 .bss.spi_to_uart
                0x00000000200000fc       0x64 ./Core/Src/freertos.o
                0x00000000200000fc                spi_to_uart
 .bss.uart_to_spi_lenght
                0x0000000020000160        0x1 ./Core/Src/freertos.o
                0x0000000020000160                uart_to_spi_lenght
 .bss.spi_to_uart_lenght
                0x0000000020000161        0x1 ./Core/Src/freertos.o
                0x0000000020000161                spi_to_uart_lenght
 *fill*         0x0000000020000162        0x2 
 .bss.defaultTaskHandle
                0x0000000020000164        0x4 ./Core/Src/freertos.o
                0x0000000020000164                defaultTaskHandle
 .bss.UART_commHandle
                0x0000000020000168        0x4 ./Core/Src/freertos.o
                0x0000000020000168                UART_commHandle
 .bss.SPI_commHandle
                0x000000002000016c        0x4 ./Core/Src/freertos.o
                0x000000002000016c                SPI_commHandle
 .bss.uart_RX_Handle
                0x0000000020000170        0x4 ./Core/Src/freertos.o
                0x0000000020000170                uart_RX_Handle
 .bss.uart_TX_Handle
                0x0000000020000174        0x4 ./Core/Src/freertos.o
                0x0000000020000174                uart_TX_Handle
 .bss.spi_RX_Handle
                0x0000000020000178        0x4 ./Core/Src/freertos.o
                0x0000000020000178                spi_RX_Handle
 .bss.spi_TX_Handle
                0x000000002000017c        0x4 ./Core/Src/freertos.o
                0x000000002000017c                spi_TX_Handle
 .bss.hspi1     0x0000000020000180       0x58 ./Core/Src/spi.o
                0x0000000020000180                hspi1
 .bss.hdma_spi1_rx
                0x00000000200001d8       0x44 ./Core/Src/spi.o
                0x00000000200001d8                hdma_spi1_rx
 .bss.hdma_spi1_tx
                0x000000002000021c       0x44 ./Core/Src/spi.o
                0x000000002000021c                hdma_spi1_tx
 .bss.huart2    0x0000000020000260       0x48 ./Core/Src/usart.o
                0x0000000020000260                huart2
 .bss.hdma_usart2_rx
                0x00000000200002a8       0x44 ./Core/Src/usart.o
                0x00000000200002a8                hdma_usart2_rx
 .bss.hdma_usart2_tx
                0x00000000200002ec       0x44 ./Core/Src/usart.o
                0x00000000200002ec                hdma_usart2_tx
 .bss.uwTick    0x0000000020000330        0x4 ./Drivers/STM32F1xx_HAL_Driver/Src/stm32f1xx_hal.o
                0x0000000020000330                uwTick
 .bss.KernelState
                0x0000000020000334        0x4 ./Middlewares/Third_Party/FreeRTOS/Source/CMSIS_RTOS_V2/cmsis_os2.o
 .bss.Idle_TCB  0x0000000020000338       0xbc ./Middlewares/Third_Party/FreeRTOS/Source/CMSIS_RTOS_V2/cmsis_os2.o
 .bss.Idle_Stack
                0x00000000200003f4      0x200 ./Middlewares/Third_Party/FreeRTOS/Source/CMSIS_RTOS_V2/cmsis_os2.o
 .bss.Timer_TCB
                0x00000000200005f4       0xbc ./Middlewares/Third_Party/FreeRTOS/Source/CMSIS_RTOS_V2/cmsis_os2.o
 .bss.Timer_Stack
                0x00000000200006b0      0x400 ./Middlewares/Third_Party/FreeRTOS/Source/CMSIS_RTOS_V2/cmsis_os2.o
 .bss.xQueueRegistry
                0x0000000020000ab0       0x40 ./Middlewares/Third_Party/FreeRTOS/Source/queue.o
                0x0000000020000ab0                xQueueRegistry
 .bss.pxCurrentTCB
                0x0000000020000af0        0x4 ./Middlewares/Third_Party/FreeRTOS/Source/tasks.o
                0x0000000020000af0                pxCurrentTCB
 .bss.pxReadyTasksLists
                0x0000000020000af4      0x460 ./Middlewares/Third_Party/FreeRTOS/Source/tasks.o
 .bss.xDelayedTaskList1
                0x0000000020000f54       0x14 ./Middlewares/Third_Party/FreeRTOS/Source/tasks.o
 .bss.xDelayedTaskList2
                0x0000000020000f68       0x14 ./Middlewares/Third_Party/FreeRTOS/Source/tasks.o
 .bss.pxDelayedTaskList
                0x0000000020000f7c        0x4 ./Middlewares/Third_Party/FreeRTOS/Source/tasks.o
 .bss.pxOverflowDelayedTaskList
                0x0000000020000f80        0x4 ./Middlewares/Third_Party/FreeRTOS/Source/tasks.o
 .bss.xPendingReadyList
                0x0000000020000f84       0x14 ./Middlewares/Third_Party/FreeRTOS/Source/tasks.o
 .bss.xTasksWaitingTermination
                0x0000000020000f98       0x14 ./Middlewares/Third_Party/FreeRTOS/Source/tasks.o
 .bss.uxDeletedTasksWaitingCleanUp
                0x0000000020000fac        0x4 ./Middlewares/Third_Party/FreeRTOS/Source/tasks.o
 .bss.xSuspendedTaskList
                0x0000000020000fb0       0x14 ./Middlewares/Third_Party/FreeRTOS/Source/tasks.o
 .bss.uxCurrentNumberOfTasks
                0x0000000020000fc4        0x4 ./Middlewares/Third_Party/FreeRTOS/Source/tasks.o
 .bss.xTickCount
                0x0000000020000fc8        0x4 ./Middlewares/Third_Party/FreeRTOS/Source/tasks.o
 .bss.uxTopReadyPriority
                0x0000000020000fcc        0x4 ./Middlewares/Third_Party/FreeRTOS/Source/tasks.o
 .bss.xSchedulerRunning
                0x0000000020000fd0        0x4 ./Middlewares/Third_Party/FreeRTOS/Source/tasks.o
 .bss.uxPendedTicks
                0x0000000020000fd4        0x4 ./Middlewares/Third_Party/FreeRTOS/Source/tasks.o
 .bss.xYieldPending
                0x0000000020000fd8        0x4 ./Middlewares/Third_Party/FreeRTOS/Source/tasks.o
 .bss.xNumOfOverflows
                0x0000000020000fdc        0x4 ./Middlewares/Third_Party/FreeRTOS/Source/tasks.o
 .bss.uxTaskNumber
                0x0000000020000fe0        0x4 ./Middlewares/Third_Party/FreeRTOS/Source/tasks.o
 .bss.xNextTaskUnblockTime
                0x0000000020000fe4        0x4 ./Middlewares/Third_Party/FreeRTOS/Source/tasks.o
 .bss.xIdleTaskHandle
                0x0000000020000fe8        0x4 ./Middlewares/Third_Party/FreeRTOS/Source/tasks.o
 .bss.uxSchedulerSuspended
                0x0000000020000fec        0x4 ./Middlewares/Third_Party/FreeRTOS/Source/tasks.o
 .bss.xActiveTimerList1
                0x0000000020000ff0       0x14 ./Middlewares/Third_Party/FreeRTOS/Source/timers.o
 .bss.xActiveTimerList2
                0x0000000020001004       0x14 ./Middlewares/Third_Party/FreeRTOS/Source/timers.o
 .bss.pxCurrentTimerList
                0x0000000020001018        0x4 ./Middlewares/Third_Party/FreeRTOS/Source/timers.o
 .bss.pxOverflowTimerList
                0x000000002000101c        0x4 ./Middlewares/Third_Party/FreeRTOS/Source/timers.o
 .bss.xTimerQueue
                0x0000000020001020        0x4 ./Middlewares/Third_Party/FreeRTOS/Source/timers.o
 .bss.xTimerTaskHandle
                0x0000000020001024        0x4 ./Middlewares/Third_Party/FreeRTOS/Source/timers.o
 .bss.xLastTime.2
                0x0000000020001028        0x4 ./Middlewares/Third_Party/FreeRTOS/Source/timers.o
 .bss.ucStaticTimerQueueStorage.1
                0x000000002000102c       0xa0 ./Middlewares/Third_Party/FreeRTOS/Source/timers.o
 .bss.xStaticTimerQueue.0
                0x00000000200010cc       0x50 ./Middlewares/Third_Party/FreeRTOS/Source/timers.o
 .bss.ucMaxSysCallPriority
                0x000000002000111c        0x1 ./Middlewares/Third_Party/FreeRTOS/Source/portable/GCC/ARM_CM3/port.o
 *fill*         0x000000002000111d        0x3 
 .bss.ulMaxPRIGROUPValue
                0x0000000020001120        0x4 ./Middlewares/Third_Party/FreeRTOS/Source/portable/GCC/ARM_CM3/port.o
 .bss.ucHeap    0x0000000020001124      0xc00 ./Middlewares/Third_Party/FreeRTOS/Source/portable/MemMang/heap_4.o
 .bss.xStart    0x0000000020001d24        0x8 ./Middlewares/Third_Party/FreeRTOS/Source/portable/MemMang/heap_4.o
 .bss.pxEnd     0x0000000020001d2c        0x4 ./Middlewares/Third_Party/FreeRTOS/Source/portable/MemMang/heap_4.o
 .bss.xFreeBytesRemaining
                0x0000000020001d30        0x4 ./Middlewares/Third_Party/FreeRTOS/Source/portable/MemMang/heap_4.o
 .bss.xMinimumEverFreeBytesRemaining
                0x0000000020001d34        0x4 ./Middlewares/Third_Party/FreeRTOS/Source/portable/MemMang/heap_4.o
 .bss.xBlockAllocatedBit
                0x0000000020001d38        0x4 ./Middlewares/Third_Party/FreeRTOS/Source/portable/MemMang/heap_4.o
 .bss.__lock___malloc_recursive_mutex
                0x0000000020001d3c        0x1 /Applications/STM32CubeIDE.app/Contents/Eclipse/plugins/com.st.stm32cube.ide.mcu.externaltools.gnu-tools-for-stm32.10.3-2021.10.macos64_1.0.200.202301161003/tools/bin/../lib/gcc/arm-none-eabi/10.3.1/../../../../arm-none-eabi/lib/thumb/v7-m/nofp/libc_nano.a(lib_a-lock.o)
                0x0000000020001d3c                __lock___malloc_recursive_mutex
 *fill*         0x0000000020001d3d        0x3 
 .bss.__malloc_free_list
                0x0000000020001d40        0x4 /Applications/STM32CubeIDE.app/Contents/Eclipse/plugins/com.st.stm32cube.ide.mcu.externaltools.gnu-tools-for-stm32.10.3-2021.10.macos64_1.0.200.202301161003/tools/bin/../lib/gcc/arm-none-eabi/10.3.1/../../../../arm-none-eabi/lib/thumb/v7-m/nofp/libc_nano.a(lib_a-nano-mallocr.o)
                0x0000000020001d40                __malloc_free_list
 *(COMMON)
                0x0000000020001d44                . = ALIGN (0x4)
                0x0000000020001d44                _ebss = .
                0x0000000020001d44                __bss_end__ = _ebss

._user_heap_stack
                0x0000000020001d44      0x604 load address 0x0000000008006cc0
                0x0000000020001d48                . = ALIGN (0x8)
 *fill*         0x0000000020001d44        0x4 
                [!provide]                        PROVIDE (end = .)
                0x0000000020001d48                PROVIDE (_end = .)
                0x0000000020001f48                . = (. + _Min_Heap_Size)
 *fill*         0x0000000020001d48      0x200 
                0x0000000020002348                . = (. + _Min_Stack_Size)
 *fill*         0x0000000020001f48      0x400 
                0x0000000020002348                . = ALIGN (0x8)

/DISCARD/
 libc.a(*)
 libm.a(*)
 libgcc.a(*)

.ARM.attributes
                0x0000000000000000       0x29
 *(.ARM.attributes)
 .ARM.attributes
                0x0000000000000000       0x1d /Applications/STM32CubeIDE.app/Contents/Eclipse/plugins/com.st.stm32cube.ide.mcu.externaltools.gnu-tools-for-stm32.10.3-2021.10.macos64_1.0.200.202301161003/tools/bin/../lib/gcc/arm-none-eabi/10.3.1/thumb/v7-m/nofp/crti.o
 .ARM.attributes
                0x000000000000001d       0x2d /Applications/STM32CubeIDE.app/Contents/Eclipse/plugins/com.st.stm32cube.ide.mcu.externaltools.gnu-tools-for-stm32.10.3-2021.10.macos64_1.0.200.202301161003/tools/bin/../lib/gcc/arm-none-eabi/10.3.1/thumb/v7-m/nofp/crtbegin.o
 .ARM.attributes
                0x000000000000004a       0x2d ./Core/Src/dma.o
 .ARM.attributes
                0x0000000000000077       0x2d ./Core/Src/freertos.o
 .ARM.attributes
                0x00000000000000a4       0x2d ./Core/Src/gpio.o
 .ARM.attributes
                0x00000000000000d1       0x2d ./Core/Src/main.o
 .ARM.attributes
                0x00000000000000fe       0x2d ./Core/Src/spi.o
 .ARM.attributes
                0x000000000000012b       0x2d ./Core/Src/stm32f1xx_hal_msp.o
 .ARM.attributes
                0x0000000000000158       0x2d ./Core/Src/stm32f1xx_it.o
 .ARM.attributes
                0x0000000000000185       0x2d ./Core/Src/system_stm32f1xx.o
 .ARM.attributes
                0x00000000000001b2       0x2d ./Core/Src/usart.o
 .ARM.attributes
                0x00000000000001df       0x21 ./Core/Startup/startup_stm32f103c8tx.o
 .ARM.attributes
                0x0000000000000200       0x2d ./Drivers/STM32F1xx_HAL_Driver/Src/stm32f1xx_hal.o
 .ARM.attributes
                0x000000000000022d       0x2d ./Drivers/STM32F1xx_HAL_Driver/Src/stm32f1xx_hal_cortex.o
 .ARM.attributes
                0x000000000000025a       0x2d ./Drivers/STM32F1xx_HAL_Driver/Src/stm32f1xx_hal_dma.o
 .ARM.attributes
                0x0000000000000287       0x2d ./Drivers/STM32F1xx_HAL_Driver/Src/stm32f1xx_hal_gpio.o
 .ARM.attributes
                0x00000000000002b4       0x2d ./Drivers/STM32F1xx_HAL_Driver/Src/stm32f1xx_hal_rcc.o
 .ARM.attributes
                0x00000000000002e1       0x2d ./Drivers/STM32F1xx_HAL_Driver/Src/stm32f1xx_hal_spi.o
 .ARM.attributes
                0x000000000000030e       0x2d ./Drivers/STM32F1xx_HAL_Driver/Src/stm32f1xx_hal_uart.o
 .ARM.attributes
                0x000000000000033b       0x2d ./Middlewares/Third_Party/FreeRTOS/Source/CMSIS_RTOS_V2/cmsis_os2.o
 .ARM.attributes
                0x0000000000000368       0x2d ./Middlewares/Third_Party/FreeRTOS/Source/event_groups.o
 .ARM.attributes
                0x0000000000000395       0x2d ./Middlewares/Third_Party/FreeRTOS/Source/list.o
 .ARM.attributes
                0x00000000000003c2       0x2d ./Middlewares/Third_Party/FreeRTOS/Source/queue.o
 .ARM.attributes
                0x00000000000003ef       0x2d ./Middlewares/Third_Party/FreeRTOS/Source/tasks.o
 .ARM.attributes
                0x000000000000041c       0x2d ./Middlewares/Third_Party/FreeRTOS/Source/timers.o
 .ARM.attributes
                0x0000000000000449       0x2d ./Middlewares/Third_Party/FreeRTOS/Source/portable/GCC/ARM_CM3/port.o
 .ARM.attributes
                0x0000000000000476       0x2d ./Middlewares/Third_Party/FreeRTOS/Source/portable/MemMang/heap_4.o
 .ARM.attributes
                0x00000000000004a3       0x2d /Applications/STM32CubeIDE.app/Contents/Eclipse/plugins/com.st.stm32cube.ide.mcu.externaltools.gnu-tools-for-stm32.10.3-2021.10.macos64_1.0.200.202301161003/tools/bin/../lib/gcc/arm-none-eabi/10.3.1/../../../../arm-none-eabi/lib/thumb/v7-m/nofp/libc_nano.a(lib_a-findfp.o)
 .ARM.attributes
                0x00000000000004d0       0x2d /Applications/STM32CubeIDE.app/Contents/Eclipse/plugins/com.st.stm32cube.ide.mcu.externaltools.gnu-tools-for-stm32.10.3-2021.10.macos64_1.0.200.202301161003/tools/bin/../lib/gcc/arm-none-eabi/10.3.1/../../../../arm-none-eabi/lib/thumb/v7-m/nofp/libc_nano.a(lib_a-impure.o)
 .ARM.attributes
                0x00000000000004fd       0x2d /Applications/STM32CubeIDE.app/Contents/Eclipse/plugins/com.st.stm32cube.ide.mcu.externaltools.gnu-tools-for-stm32.10.3-2021.10.macos64_1.0.200.202301161003/tools/bin/../lib/gcc/arm-none-eabi/10.3.1/../../../../arm-none-eabi/lib/thumb/v7-m/nofp/libc_nano.a(lib_a-init.o)
 .ARM.attributes
                0x000000000000052a       0x2d /Applications/STM32CubeIDE.app/Contents/Eclipse/plugins/com.st.stm32cube.ide.mcu.externaltools.gnu-tools-for-stm32.10.3-2021.10.macos64_1.0.200.202301161003/tools/bin/../lib/gcc/arm-none-eabi/10.3.1/../../../../arm-none-eabi/lib/thumb/v7-m/nofp/libc_nano.a(lib_a-lock.o)
 .ARM.attributes
                0x0000000000000557       0x2d /Applications/STM32CubeIDE.app/Contents/Eclipse/plugins/com.st.stm32cube.ide.mcu.externaltools.gnu-tools-for-stm32.10.3-2021.10.macos64_1.0.200.202301161003/tools/bin/../lib/gcc/arm-none-eabi/10.3.1/../../../../arm-none-eabi/lib/thumb/v7-m/nofp/libc_nano.a(lib_a-memcpy-stub.o)
 .ARM.attributes
                0x0000000000000584       0x2d /Applications/STM32CubeIDE.app/Contents/Eclipse/plugins/com.st.stm32cube.ide.mcu.externaltools.gnu-tools-for-stm32.10.3-2021.10.macos64_1.0.200.202301161003/tools/bin/../lib/gcc/arm-none-eabi/10.3.1/../../../../arm-none-eabi/lib/thumb/v7-m/nofp/libc_nano.a(lib_a-memset.o)
 .ARM.attributes
                0x00000000000005b1       0x2d /Applications/STM32CubeIDE.app/Contents/Eclipse/plugins/com.st.stm32cube.ide.mcu.externaltools.gnu-tools-for-stm32.10.3-2021.10.macos64_1.0.200.202301161003/tools/bin/../lib/gcc/arm-none-eabi/10.3.1/../../../../arm-none-eabi/lib/thumb/v7-m/nofp/libc_nano.a(lib_a-nano-mallocr.o)
 .ARM.attributes
                0x00000000000005de       0x2d /Applications/STM32CubeIDE.app/Contents/Eclipse/plugins/com.st.stm32cube.ide.mcu.externaltools.gnu-tools-for-stm32.10.3-2021.10.macos64_1.0.200.202301161003/tools/bin/../lib/gcc/arm-none-eabi/10.3.1/../../../../arm-none-eabi/lib/thumb/v7-m/nofp/libc_nano.a(lib_a-reent.o)
 .ARM.attributes
                0x000000000000060b       0x2d /Applications/STM32CubeIDE.app/Contents/Eclipse/plugins/com.st.stm32cube.ide.mcu.externaltools.gnu-tools-for-stm32.10.3-2021.10.macos64_1.0.200.202301161003/tools/bin/../lib/gcc/arm-none-eabi/10.3.1/../../../../arm-none-eabi/lib/thumb/v7-m/nofp/libc_nano.a(lib_a-mlock.o)
 .ARM.attributes
                0x0000000000000638       0x2d /Applications/STM32CubeIDE.app/Contents/Eclipse/plugins/com.st.stm32cube.ide.mcu.externaltools.gnu-tools-for-stm32.10.3-2021.10.macos64_1.0.200.202301161003/tools/bin/../lib/gcc/arm-none-eabi/10.3.1/../../../../arm-none-eabi/lib/thumb/v7-m/nofp/libc_nano.a(lib_a-nano-freer.o)
 .ARM.attributes
                0x0000000000000665       0x1d /Applications/STM32CubeIDE.app/Contents/Eclipse/plugins/com.st.stm32cube.ide.mcu.externaltools.gnu-tools-for-stm32.10.3-2021.10.macos64_1.0.200.202301161003/tools/bin/../lib/gcc/arm-none-eabi/10.3.1/thumb/v7-m/nofp/crtn.o
OUTPUT(test_SPI.elf elf32-littlearm)
LOAD linker stubs
LOAD /Applications/STM32CubeIDE.app/Contents/Eclipse/plugins/com.st.stm32cube.ide.mcu.externaltools.gnu-tools-for-stm32.10.3-2021.10.macos64_1.0.200.202301161003/tools/bin/../lib/gcc/arm-none-eabi/10.3.1/../../../../arm-none-eabi/lib/thumb/v7-m/nofp/libc.a
LOAD /Applications/STM32CubeIDE.app/Contents/Eclipse/plugins/com.st.stm32cube.ide.mcu.externaltools.gnu-tools-for-stm32.10.3-2021.10.macos64_1.0.200.202301161003/tools/bin/../lib/gcc/arm-none-eabi/10.3.1/../../../../arm-none-eabi/lib/thumb/v7-m/nofp/libm.a
LOAD /Applications/STM32CubeIDE.app/Contents/Eclipse/plugins/com.st.stm32cube.ide.mcu.externaltools.gnu-tools-for-stm32.10.3-2021.10.macos64_1.0.200.202301161003/tools/bin/../lib/gcc/arm-none-eabi/10.3.1/thumb/v7-m/nofp/libgcc.a

.debug_info     0x0000000000000000    0x160f9
 .debug_info    0x0000000000000000      0x2e6 ./Core/Src/dma.o
 .debug_info    0x00000000000002e6      0xf0f ./Core/Src/freertos.o
 .debug_info    0x00000000000011f5      0x42e ./Core/Src/gpio.o
 .debug_info    0x0000000000001623      0x334 ./Core/Src/main.o
 .debug_info    0x0000000000001957      0x881 ./Core/Src/spi.o
 .debug_info    0x00000000000021d8      0x380 ./Core/Src/stm32f1xx_hal_msp.o
 .debug_info    0x0000000000002558      0x43f ./Core/Src/stm32f1xx_it.o
 .debug_info    0x0000000000002997      0x23d ./Core/Src/system_stm32f1xx.o
 .debug_info    0x0000000000002bd4      0x862 ./Core/Src/usart.o
 .debug_info    0x0000000000003436       0x22 ./Core/Startup/startup_stm32f103c8tx.o
 .debug_info    0x0000000000003458      0x734 ./Drivers/STM32F1xx_HAL_Driver/Src/stm32f1xx_hal.o
 .debug_info    0x0000000000003b8c      0xb20 ./Drivers/STM32F1xx_HAL_Driver/Src/stm32f1xx_hal_cortex.o
 .debug_info    0x00000000000046ac      0x744 ./Drivers/STM32F1xx_HAL_Driver/Src/stm32f1xx_hal_dma.o
 .debug_info    0x0000000000004df0      0x615 ./Drivers/STM32F1xx_HAL_Driver/Src/stm32f1xx_hal_gpio.o
 .debug_info    0x0000000000005405      0x865 ./Drivers/STM32F1xx_HAL_Driver/Src/stm32f1xx_hal_rcc.o
 .debug_info    0x0000000000005c6a     0x165d ./Drivers/STM32F1xx_HAL_Driver/Src/stm32f1xx_hal_spi.o
 .debug_info    0x00000000000072c7     0x31b2 ./Drivers/STM32F1xx_HAL_Driver/Src/stm32f1xx_hal_uart.o
 .debug_info    0x000000000000a479     0x4300 ./Middlewares/Third_Party/FreeRTOS/Source/CMSIS_RTOS_V2/cmsis_os2.o
 .debug_info    0x000000000000e779      0xc49 ./Middlewares/Third_Party/FreeRTOS/Source/event_groups.o
 .debug_info    0x000000000000f3c2      0x2cb ./Middlewares/Third_Party/FreeRTOS/Source/list.o
 .debug_info    0x000000000000f68d     0x1bf9 ./Middlewares/Third_Party/FreeRTOS/Source/queue.o
 .debug_info    0x0000000000011286     0x2a28 ./Middlewares/Third_Party/FreeRTOS/Source/tasks.o
 .debug_info    0x0000000000013cae     0x1bac ./Middlewares/Third_Party/FreeRTOS/Source/timers.o
 .debug_info    0x000000000001585a      0x4b7 ./Middlewares/Third_Party/FreeRTOS/Source/portable/GCC/ARM_CM3/port.o
 .debug_info    0x0000000000015d11      0x3e8 ./Middlewares/Third_Party/FreeRTOS/Source/portable/MemMang/heap_4.o

.debug_abbrev   0x0000000000000000     0x359c
 .debug_abbrev  0x0000000000000000       0xf8 ./Core/Src/dma.o
 .debug_abbrev  0x00000000000000f8      0x1ca ./Core/Src/freertos.o
 .debug_abbrev  0x00000000000002c2      0x152 ./Core/Src/gpio.o
 .debug_abbrev  0x0000000000000414      0x180 ./Core/Src/main.o
 .debug_abbrev  0x0000000000000594      0x1e1 ./Core/Src/spi.o
 .debug_abbrev  0x0000000000000775      0x115 ./Core/Src/stm32f1xx_hal_msp.o
 .debug_abbrev  0x000000000000088a      0x19c ./Core/Src/stm32f1xx_it.o
 .debug_abbrev  0x0000000000000a26      0x13b ./Core/Src/system_stm32f1xx.o
 .debug_abbrev  0x0000000000000b61      0x1e8 ./Core/Src/usart.o
 .debug_abbrev  0x0000000000000d49       0x12 ./Core/Startup/startup_stm32f103c8tx.o
 .debug_abbrev  0x0000000000000d5b      0x1fb ./Drivers/STM32F1xx_HAL_Driver/Src/stm32f1xx_hal.o
 .debug_abbrev  0x0000000000000f56      0x2ed ./Drivers/STM32F1xx_HAL_Driver/Src/stm32f1xx_hal_cortex.o
 .debug_abbrev  0x0000000000001243      0x1fe ./Drivers/STM32F1xx_HAL_Driver/Src/stm32f1xx_hal_dma.o
 .debug_abbrev  0x0000000000001441      0x1bb ./Drivers/STM32F1xx_HAL_Driver/Src/stm32f1xx_hal_gpio.o
 .debug_abbrev  0x00000000000015fc      0x2a8 ./Drivers/STM32F1xx_HAL_Driver/Src/stm32f1xx_hal_rcc.o
 .debug_abbrev  0x00000000000018a4      0x26e ./Drivers/STM32F1xx_HAL_Driver/Src/stm32f1xx_hal_spi.o
 .debug_abbrev  0x0000000000001b12      0x2df ./Drivers/STM32F1xx_HAL_Driver/Src/stm32f1xx_hal_uart.o
 .debug_abbrev  0x0000000000001df1      0x446 ./Middlewares/Third_Party/FreeRTOS/Source/CMSIS_RTOS_V2/cmsis_os2.o
 .debug_abbrev  0x0000000000002237      0x310 ./Middlewares/Third_Party/FreeRTOS/Source/event_groups.o
 .debug_abbrev  0x0000000000002547       0xf2 ./Middlewares/Third_Party/FreeRTOS/Source/list.o
 .debug_abbrev  0x0000000000002639      0x3ba ./Middlewares/Third_Party/FreeRTOS/Source/queue.o
 .debug_abbrev  0x00000000000029f3      0x3f3 ./Middlewares/Third_Party/FreeRTOS/Source/tasks.o
 .debug_abbrev  0x0000000000002de6      0x360 ./Middlewares/Third_Party/FreeRTOS/Source/timers.o
 .debug_abbrev  0x0000000000003146      0x257 ./Middlewares/Third_Party/FreeRTOS/Source/portable/GCC/ARM_CM3/port.o
 .debug_abbrev  0x000000000000339d      0x1ff ./Middlewares/Third_Party/FreeRTOS/Source/portable/MemMang/heap_4.o

.debug_aranges  0x0000000000000000     0x1120
 .debug_aranges
                0x0000000000000000       0x20 ./Core/Src/dma.o
 .debug_aranges
                0x0000000000000020       0x58 ./Core/Src/freertos.o
 .debug_aranges
                0x0000000000000078       0x20 ./Core/Src/gpio.o
 .debug_aranges
                0x0000000000000098       0x30 ./Core/Src/main.o
 .debug_aranges
                0x00000000000000c8       0x30 ./Core/Src/spi.o
 .debug_aranges
                0x00000000000000f8       0x20 ./Core/Src/stm32f1xx_hal_msp.o
 .debug_aranges
                0x0000000000000118       0x78 ./Core/Src/stm32f1xx_it.o
 .debug_aranges
                0x0000000000000190       0x28 ./Core/Src/system_stm32f1xx.o
 .debug_aranges
                0x00000000000001b8       0x30 ./Core/Src/usart.o
 .debug_aranges
                0x00000000000001e8       0x28 ./Core/Startup/startup_stm32f103c8tx.o
 .debug_aranges
                0x0000000000000210       0xe0 ./Drivers/STM32F1xx_HAL_Driver/Src/stm32f1xx_hal.o
 .debug_aranges
                0x00000000000002f0      0x100 ./Drivers/STM32F1xx_HAL_Driver/Src/stm32f1xx_hal_cortex.o
 .debug_aranges
                0x00000000000003f0       0x80 ./Drivers/STM32F1xx_HAL_Driver/Src/stm32f1xx_hal_dma.o
 .debug_aranges
                0x0000000000000470       0x58 ./Drivers/STM32F1xx_HAL_Driver/Src/stm32f1xx_hal_gpio.o
 .debug_aranges
                0x00000000000004c8       0x90 ./Drivers/STM32F1xx_HAL_Driver/Src/stm32f1xx_hal_rcc.o
 .debug_aranges
                0x0000000000000558      0x1d0 ./Drivers/STM32F1xx_HAL_Driver/Src/stm32f1xx_hal_spi.o
 .debug_aranges
                0x0000000000000728      0x208 ./Drivers/STM32F1xx_HAL_Driver/Src/stm32f1xx_hal_uart.o
 .debug_aranges
                0x0000000000000930      0x228 ./Middlewares/Third_Party/FreeRTOS/Source/CMSIS_RTOS_V2/cmsis_os2.o
 .debug_aranges
                0x0000000000000b58       0x90 ./Middlewares/Third_Party/FreeRTOS/Source/event_groups.o
 .debug_aranges
                0x0000000000000be8       0x40 ./Middlewares/Third_Party/FreeRTOS/Source/list.o
 .debug_aranges
                0x0000000000000c28      0x158 ./Middlewares/Third_Party/FreeRTOS/Source/queue.o
 .debug_aranges
                0x0000000000000d80      0x1f8 ./Middlewares/Third_Party/FreeRTOS/Source/tasks.o
 .debug_aranges
                0x0000000000000f78       0xe0 ./Middlewares/Third_Party/FreeRTOS/Source/timers.o
 .debug_aranges
                0x0000000000001058       0x78 ./Middlewares/Third_Party/FreeRTOS/Source/portable/GCC/ARM_CM3/port.o
 .debug_aranges
                0x00000000000010d0       0x50 ./Middlewares/Third_Party/FreeRTOS/Source/portable/MemMang/heap_4.o

.debug_ranges   0x0000000000000000      0xfc8
 .debug_ranges  0x0000000000000000       0x10 ./Core/Src/dma.o
 .debug_ranges  0x0000000000000010       0x48 ./Core/Src/freertos.o
 .debug_ranges  0x0000000000000058       0x10 ./Core/Src/gpio.o
 .debug_ranges  0x0000000000000068       0x20 ./Core/Src/main.o
 .debug_ranges  0x0000000000000088       0x20 ./Core/Src/spi.o
 .debug_ranges  0x00000000000000a8       0x10 ./Core/Src/stm32f1xx_hal_msp.o
 .debug_ranges  0x00000000000000b8       0x68 ./Core/Src/stm32f1xx_it.o
 .debug_ranges  0x0000000000000120       0x18 ./Core/Src/system_stm32f1xx.o
 .debug_ranges  0x0000000000000138       0x20 ./Core/Src/usart.o
 .debug_ranges  0x0000000000000158       0x20 ./Core/Startup/startup_stm32f103c8tx.o
 .debug_ranges  0x0000000000000178       0xd0 ./Drivers/STM32F1xx_HAL_Driver/Src/stm32f1xx_hal.o
 .debug_ranges  0x0000000000000248       0xf0 ./Drivers/STM32F1xx_HAL_Driver/Src/stm32f1xx_hal_cortex.o
 .debug_ranges  0x0000000000000338       0x70 ./Drivers/STM32F1xx_HAL_Driver/Src/stm32f1xx_hal_dma.o
 .debug_ranges  0x00000000000003a8       0x48 ./Drivers/STM32F1xx_HAL_Driver/Src/stm32f1xx_hal_gpio.o
 .debug_ranges  0x00000000000003f0       0x80 ./Drivers/STM32F1xx_HAL_Driver/Src/stm32f1xx_hal_rcc.o
 .debug_ranges  0x0000000000000470      0x1c0 ./Drivers/STM32F1xx_HAL_Driver/Src/stm32f1xx_hal_spi.o
 .debug_ranges  0x0000000000000630      0x228 ./Drivers/STM32F1xx_HAL_Driver/Src/stm32f1xx_hal_uart.o
 .debug_ranges  0x0000000000000858      0x218 ./Middlewares/Third_Party/FreeRTOS/Source/CMSIS_RTOS_V2/cmsis_os2.o
 .debug_ranges  0x0000000000000a70       0x80 ./Middlewares/Third_Party/FreeRTOS/Source/event_groups.o
 .debug_ranges  0x0000000000000af0       0x30 ./Middlewares/Third_Party/FreeRTOS/Source/list.o
 .debug_ranges  0x0000000000000b20      0x148 ./Middlewares/Third_Party/FreeRTOS/Source/queue.o
 .debug_ranges  0x0000000000000c68      0x1e8 ./Middlewares/Third_Party/FreeRTOS/Source/tasks.o
 .debug_ranges  0x0000000000000e50       0xd0 ./Middlewares/Third_Party/FreeRTOS/Source/timers.o
 .debug_ranges  0x0000000000000f20       0x68 ./Middlewares/Third_Party/FreeRTOS/Source/portable/GCC/ARM_CM3/port.o
 .debug_ranges  0x0000000000000f88       0x40 ./Middlewares/Third_Party/FreeRTOS/Source/portable/MemMang/heap_4.o

.debug_macro    0x0000000000000000    0x19361
 .debug_macro   0x0000000000000000      0x1ac ./Core/Src/dma.o
 .debug_macro   0x00000000000001ac      0xa6c ./Core/Src/dma.o
 .debug_macro   0x0000000000000c18      0x221 ./Core/Src/dma.o
 .debug_macro   0x0000000000000e39       0x2e ./Core/Src/dma.o
 .debug_macro   0x0000000000000e67       0x22 ./Core/Src/dma.o
 .debug_macro   0x0000000000000e89       0x22 ./Core/Src/dma.o
 .debug_macro   0x0000000000000eab       0x8e ./Core/Src/dma.o
 .debug_macro   0x0000000000000f39       0x51 ./Core/Src/dma.o
 .debug_macro   0x0000000000000f8a      0x103 ./Core/Src/dma.o
 .debug_macro   0x000000000000108d       0x6a ./Core/Src/dma.o
 .debug_macro   0x00000000000010f7      0x1df ./Core/Src/dma.o
 .debug_macro   0x00000000000012d6       0x1c ./Core/Src/dma.o
 .debug_macro   0x00000000000012f2       0x22 ./Core/Src/dma.o
 .debug_macro   0x0000000000001314       0xbd ./Core/Src/dma.o
 .debug_macro   0x00000000000013d1      0xd23 ./Core/Src/dma.o
 .debug_macro   0x00000000000020f4     0xe09e ./Core/Src/dma.o
 .debug_macro   0x0000000000010192       0x6d ./Core/Src/dma.o
 .debug_macro   0x00000000000101ff     0x348d ./Core/Src/dma.o
 .debug_macro   0x000000000001368c      0x174 ./Core/Src/dma.o
 .debug_macro   0x0000000000013800       0x5c ./Core/Src/dma.o
 .debug_macro   0x000000000001385c      0x5bc ./Core/Src/dma.o
 .debug_macro   0x0000000000013e18      0x289 ./Core/Src/dma.o
 .debug_macro   0x00000000000140a1      0x1cb ./Core/Src/dma.o
 .debug_macro   0x000000000001426c      0x114 ./Core/Src/dma.o
 .debug_macro   0x0000000000014380      0x1b2 ./Core/Src/dma.o
 .debug_macro   0x0000000000014532       0x27 ./Core/Src/dma.o
 .debug_macro   0x0000000000014559      0x136 ./Core/Src/dma.o
 .debug_macro   0x000000000001468f      0x1bc ./Core/Src/dma.o
 .debug_macro   0x000000000001484b       0x34 ./Core/Src/dma.o
 .debug_macro   0x000000000001487f       0x3c ./Core/Src/dma.o
 .debug_macro   0x00000000000148bb       0x57 ./Core/Src/dma.o
 .debug_macro   0x0000000000014912       0x87 ./Core/Src/dma.o
 .debug_macro   0x0000000000014999      0x240 ./Core/Src/dma.o
 .debug_macro   0x0000000000014bd9      0x140 ./Core/Src/dma.o
 .debug_macro   0x0000000000014d19      0x217 ./Core/Src/dma.o
 .debug_macro   0x0000000000014f30      0x28e ./Core/Src/dma.o
 .debug_macro   0x00000000000151be       0x83 ./Core/Src/dma.o
 .debug_macro   0x0000000000015241      0x2eb ./Core/Src/freertos.o
 .debug_macro   0x000000000001552c      0x123 ./Core/Src/freertos.o
 .debug_macro   0x000000000001564f      0x15a ./Core/Src/freertos.o
 .debug_macro   0x00000000000157a9       0xc2 ./Core/Src/freertos.o
 .debug_macro   0x000000000001586b       0x10 ./Core/Src/freertos.o
 .debug_macro   0x000000000001587b       0x1f ./Core/Src/freertos.o
 .debug_macro   0x000000000001589a       0x52 ./Core/Src/freertos.o
 .debug_macro   0x00000000000158ec       0x18 ./Core/Src/freertos.o
 .debug_macro   0x0000000000015904       0x3c ./Core/Src/freertos.o
 .debug_macro   0x0000000000015940       0x34 ./Core/Src/freertos.o
 .debug_macro   0x0000000000015974       0x16 ./Core/Src/freertos.o
 .debug_macro   0x000000000001598a       0x43 ./Core/Src/freertos.o
 .debug_macro   0x00000000000159cd       0x34 ./Core/Src/freertos.o
 .debug_macro   0x0000000000015a01       0x10 ./Core/Src/freertos.o
 .debug_macro   0x0000000000015a11       0x58 ./Core/Src/freertos.o
 .debug_macro   0x0000000000015a69       0x71 ./Core/Src/freertos.o
 .debug_macro   0x0000000000015ada       0x1c ./Core/Src/freertos.o
 .debug_macro   0x0000000000015af6      0x12a ./Core/Src/freertos.o
 .debug_macro   0x0000000000015c20       0x10 ./Core/Src/freertos.o
 .debug_macro   0x0000000000015c30       0x35 ./Core/Src/freertos.o
 .debug_macro   0x0000000000015c65      0x479 ./Core/Src/freertos.o
 .debug_macro   0x00000000000160de       0xb5 ./Core/Src/freertos.o
 .debug_macro   0x0000000000016193       0x8c ./Core/Src/freertos.o
 .debug_macro   0x000000000001621f       0x5b ./Core/Src/freertos.o
 .debug_macro   0x000000000001627a       0x74 ./Core/Src/freertos.o
 .debug_macro   0x00000000000162ee       0xdd ./Core/Src/freertos.o
 .debug_macro   0x00000000000163cb      0x1ac ./Core/Src/gpio.o
 .debug_macro   0x0000000000016577      0x2de ./Core/Src/main.o
 .debug_macro   0x0000000000016855      0x123 ./Core/Src/main.o
 .debug_macro   0x0000000000016978      0x1ac ./Core/Src/spi.o
 .debug_macro   0x0000000000016b24      0x1a2 ./Core/Src/stm32f1xx_hal_msp.o
 .debug_macro   0x0000000000016cc6      0x2b1 ./Core/Src/stm32f1xx_it.o
 .debug_macro   0x0000000000016f77      0x198 ./Core/Src/system_stm32f1xx.o
 .debug_macro   0x000000000001710f      0x1ac ./Core/Src/usart.o
 .debug_macro   0x00000000000172bb      0x1bc ./Drivers/STM32F1xx_HAL_Driver/Src/stm32f1xx_hal.o
 .debug_macro   0x0000000000017477      0x198 ./Drivers/STM32F1xx_HAL_Driver/Src/stm32f1xx_hal_cortex.o
 .debug_macro   0x000000000001760f      0x198 ./Drivers/STM32F1xx_HAL_Driver/Src/stm32f1xx_hal_dma.o
 .debug_macro   0x00000000000177a7      0x203 ./Drivers/STM32F1xx_HAL_Driver/Src/stm32f1xx_hal_gpio.o
 .debug_macro   0x00000000000179aa      0x1aa ./Drivers/STM32F1xx_HAL_Driver/Src/stm32f1xx_hal_rcc.o
 .debug_macro   0x0000000000017b54      0x1a0 ./Drivers/STM32F1xx_HAL_Driver/Src/stm32f1xx_hal_spi.o
 .debug_macro   0x0000000000017cf4      0x199 ./Drivers/STM32F1xx_HAL_Driver/Src/stm32f1xx_hal_uart.o
 .debug_macro   0x0000000000017e8d      0x259 ./Middlewares/Third_Party/FreeRTOS/Source/CMSIS_RTOS_V2/cmsis_os2.o
 .debug_macro   0x00000000000180e6       0x10 ./Middlewares/Third_Party/FreeRTOS/Source/CMSIS_RTOS_V2/cmsis_os2.o
 .debug_macro   0x00000000000180f6       0x20 ./Middlewares/Third_Party/FreeRTOS/Source/CMSIS_RTOS_V2/cmsis_os2.o
 .debug_macro   0x0000000000018116       0x10 ./Middlewares/Third_Party/FreeRTOS/Source/CMSIS_RTOS_V2/cmsis_os2.o
 .debug_macro   0x0000000000018126       0xb7 ./Middlewares/Third_Party/FreeRTOS/Source/CMSIS_RTOS_V2/cmsis_os2.o
 .debug_macro   0x00000000000181dd       0x16 ./Middlewares/Third_Party/FreeRTOS/Source/CMSIS_RTOS_V2/cmsis_os2.o
 .debug_macro   0x00000000000181f3       0x91 ./Middlewares/Third_Party/FreeRTOS/Source/CMSIS_RTOS_V2/cmsis_os2.o
 .debug_macro   0x0000000000018284       0x8d ./Middlewares/Third_Party/FreeRTOS/Source/CMSIS_RTOS_V2/cmsis_os2.o
 .debug_macro   0x0000000000018311       0x9a ./Middlewares/Third_Party/FreeRTOS/Source/CMSIS_RTOS_V2/cmsis_os2.o
 .debug_macro   0x00000000000183ab      0x1f4 ./Middlewares/Third_Party/FreeRTOS/Source/event_groups.o
 .debug_macro   0x000000000001859f      0x10e ./Middlewares/Third_Party/FreeRTOS/Source/event_groups.o
 .debug_macro   0x00000000000186ad       0x8d ./Middlewares/Third_Party/FreeRTOS/Source/event_groups.o
 .debug_macro   0x000000000001873a      0x199 ./Middlewares/Third_Party/FreeRTOS/Source/list.o
 .debug_macro   0x00000000000188d3      0x224 ./Middlewares/Third_Party/FreeRTOS/Source/queue.o
 .debug_macro   0x0000000000018af7       0x16 ./Middlewares/Third_Party/FreeRTOS/Source/queue.o
 .debug_macro   0x0000000000018b0d      0x299 ./Middlewares/Third_Party/FreeRTOS/Source/tasks.o
 .debug_macro   0x0000000000018da6       0x10 ./Middlewares/Third_Party/FreeRTOS/Source/tasks.o
 .debug_macro   0x0000000000018db6      0x1dc ./Middlewares/Third_Party/FreeRTOS/Source/timers.o
 .debug_macro   0x0000000000018f92      0x20f ./Middlewares/Third_Party/FreeRTOS/Source/portable/GCC/ARM_CM3/port.o
 .debug_macro   0x00000000000191a1      0x1c0 ./Middlewares/Third_Party/FreeRTOS/Source/portable/MemMang/heap_4.o

.debug_line     0x0000000000000000    0x14f1a
 .debug_line    0x0000000000000000      0x68d ./Core/Src/dma.o
 .debug_line    0x000000000000068d      0xa5b ./Core/Src/freertos.o
 .debug_line    0x00000000000010e8      0x698 ./Core/Src/gpio.o
 .debug_line    0x0000000000001780      0x9a1 ./Core/Src/main.o
 .debug_line    0x0000000000002121      0x74a ./Core/Src/spi.o
 .debug_line    0x000000000000286b      0x68d ./Core/Src/stm32f1xx_hal_msp.o
 .debug_line    0x0000000000002ef8      0x9e3 ./Core/Src/stm32f1xx_it.o
 .debug_line    0x00000000000038db      0x70a ./Core/Src/system_stm32f1xx.o
 .debug_line    0x0000000000003fe5      0x741 ./Core/Src/usart.o
 .debug_line    0x0000000000004726       0x86 ./Core/Startup/startup_stm32f103c8tx.o